<html>
<body>
<pre>
<h1>礦ision Build Log</h1>
<h2>Tool Versions:</h2>
IDE-Version: μVision V5.21.1.0
Copyright (C) 2016 ARM Ltd and ARM Germany GmbH. All rights reserved.
License Information: lishoude lishoude, lishoude, LIC=65IGK-ZWSXE-LCVJF-6XUCJ-XDRAK-DJKB3
 
Tool Versions:
Toolchain:       MDK-ARM Plus  Version: 5.21a
Toolchain Path:  C:\Keil_v5\ARM\ARMCC\Bin
C Compiler:      Armcc.exe V5.06 update 3 (build 300)
Assembler:       Armasm.exe V5.06 update 3 (build 300)
Linker/Locator:  ArmLink.exe V5.06 update 3 (build 300)
Library Manager: ArmAr.exe V5.06 update 3 (build 300)
Hex Converter:   FromElf.exe V5.06 update 3 (build 300)
CPU DLL:         SARMCM3.DLL V5.21a
Dialog DLL:      DARMSTM.DLL V1.66.0.1
Target DLL:      Segger\JL2CM3.dll V2.99.23.0
Dialog DLL:      TARMSTM.DLL V1.65.0.0
 
<h2>Project:</h2>
C:\Users\MIR Li\Desktop\完成\USER\LED.uvprojx
Project File Date:  03/07/2021

<h2>Output:</h2>
*** Using Compiler 'V5.06 update 3 (build 300)', folder: 'C:\Keil_v5\ARM\ARMCC\Bin'
Build target 'LED'
compiling system_stm32f10x.c...
compiling stm32f10x_it.c...
compiling main.c...
compiling led.c...
compiling usart_init.c...
compiling myiic.c...
compiling SHT30.c...
compiling delay.c...
compiling oled.c...
assembling startup_stm32f10x_hd.s...
compiling core_cm3.c...
compiling sys.c...
compiling misc.c...
compiling stm32f10x_gpio.c...
compiling stm32f10x_dbgmcu.c...
compiling stm32f10x_rcc.c...
compiling stm32f10x_usart.c...
compiling mcu_api.c...
compiling protocol.c...
compiling system.c...
..\tuya\system.c(150): warning:  #177-D: variable "str" was declared but never referenced
      unsigned char str[10] = {0};
..\tuya\system.c: 1 warning, 0 errors
linking...
Program Size: Code=10496 RO-data=8036 RW-data=604 ZI-data=2836  
FromELF: creating hex file...
"..\OBJ\LED.axf" - 0 Error(s), 1 Warning(s).

<h2>Collection of Component include folders:</h2>
  C:\Users\MIR Li\Desktop\完成\USER\RTE
  C:\Keil_v5\ARM\PACK\Keil\STM32F1xx_DFP\1.0.5\Device\Include

<h2>Collection of Component Files used:</h2>
Build Time Elapsed:  00:00:10
</pre>
</body>
</html>
