Component: ARM Compiler 5.06 update 3 (build 300) Tool: armlink [4d35c9]

==============================================================================

Section Cross References

    main.o(i.main) refers to misc.o(i.NVIC_PriorityGroupConfig) for NVIC_PriorityGroupConfig
    main.o(i.main) refers to delay.o(i.delay_init) for delay_init
    main.o(i.main) refers to myiic.o(i.IIC_Init) for IIC_Init
    main.o(i.main) refers to sht30.o(i.SHT30_Init) for SHT30_Init
    main.o(i.main) refers to oled.o(i.OLED_Init) for OLED_Init
    main.o(i.main) refers to usart_init.o(i.USART1_init) for USART1_init
    main.o(i.main) refers to usart_init.o(i.USART2_init) for USART2_init
    main.o(i.main) refers to led.o(i.LED_Init) for LED_Init
    main.o(i.main) refers to mcu_api.o(i.wifi_protocol_init) for wifi_protocol_init
    main.o(i.main) refers to oled.o(i.OLED_ColorTurn) for OLED_ColorTurn
    main.o(i.main) refers to oled.o(i.OLED_DisplayTurn) for OLED_DisplayTurn
    main.o(i.main) refers to mcu_api.o(i.wifi_uart_service) for wifi_uart_service
    main.o(i.main) refers to led.o(i.KEY_SCAN) for KEY_SCAN
    main.o(i.main) refers to mcu_api.o(i.mcu_set_wifi_mode) for mcu_set_wifi_mode
    main.o(i.main) refers to led.o(i.LED_Flash_fast) for LED_Flash_fast
    main.o(i.main) refers to oled.o(i.OLED_Refresh) for OLED_Refresh
    main.o(i.main) refers to oled.o(i.OLED_Clear) for OLED_Clear
    main.o(i.main) refers to led.o(i.LED_Flash_low) for LED_Flash_low
    main.o(i.main) refers to mcu_api.o(i.mcu_get_wifi_work_state) for mcu_get_wifi_work_state
    main.o(i.main) refers to stm32f10x_gpio.o(i.GPIO_SetBits) for GPIO_SetBits
    main.o(i.main) refers to stm32f10x_gpio.o(i.GPIO_ResetBits) for GPIO_ResetBits
    main.o(i.main) refers to sht30.o(i.SHT30_Read_Humiture) for SHT30_Read_Humiture
    main.o(i.main) refers to oled.o(i.OLED_ShowChinese) for OLED_ShowChinese
    main.o(i.main) refers to oled.o(i.OLED_ShowString) for OLED_ShowString
    main.o(i.main) refers to oled.o(i.OLED_ShowNum) for OLED_ShowNum
    main.o(i.main) refers to mcu_api.o(i.mcu_dp_value_update) for mcu_dp_value_update
    main.o(i.main) refers to main.o(.data) for t
    system_stm32f10x.o(i.SetSysClock) refers to system_stm32f10x.o(i.SetSysClockTo72) for SetSysClockTo72
    system_stm32f10x.o(i.SystemCoreClockUpdate) refers to system_stm32f10x.o(.data) for SystemCoreClock
    system_stm32f10x.o(i.SystemInit) refers to system_stm32f10x.o(i.SetSysClock) for SetSysClock
    usart_init.o(i.USART1_IRQHandler) refers (Special) to use_no_semi_2.o(.text) for __use_no_semihosting
    usart_init.o(i.USART1_IRQHandler) refers to stm32f10x_usart.o(i.USART_GetITStatus) for USART_GetITStatus
    usart_init.o(i.USART1_IRQHandler) refers to stm32f10x_usart.o(i.USART_ReceiveData) for USART_ReceiveData
    usart_init.o(i.USART1_IRQHandler) refers to usart_init.o(i.USART1_get_ok) for USART1_get_ok
    usart_init.o(i.USART1_IRQHandler) refers to usart_init.o(.data) for USART1_RX_ok
    usart_init.o(i.USART1_IRQHandler) refers to usart_init.o(.bss) for USART1_RX_BUF
    usart_init.o(i.USART1_get_ok) refers (Special) to use_no_semi_2.o(.text) for __use_no_semihosting
    usart_init.o(i.USART1_get_ok) refers to usart_init.o(.data) for USART1_RX_ok
    usart_init.o(i.USART1_init) refers (Special) to use_no_semi_2.o(.text) for __use_no_semihosting
    usart_init.o(i.USART1_init) refers to stm32f10x_rcc.o(i.RCC_APB2PeriphClockCmd) for RCC_APB2PeriphClockCmd
    usart_init.o(i.USART1_init) refers to stm32f10x_gpio.o(i.GPIO_Init) for GPIO_Init
    usart_init.o(i.USART1_init) refers to stm32f10x_usart.o(i.USART_Init) for USART_Init
    usart_init.o(i.USART1_init) refers to stm32f10x_usart.o(i.USART_Cmd) for USART_Cmd
    usart_init.o(i.USART1_init) refers to stm32f10x_usart.o(i.USART_ITConfig) for USART_ITConfig
    usart_init.o(i.USART1_init) refers to misc.o(i.NVIC_Init) for NVIC_Init
    usart_init.o(i.USART1_init) refers to usart_init.o(i.USART1_get_ok) for USART1_get_ok
    usart_init.o(i.USART2_IRQHandler) refers (Special) to use_no_semi_2.o(.text) for __use_no_semihosting
    usart_init.o(i.USART2_IRQHandler) refers to stm32f10x_usart.o(i.USART_GetITStatus) for USART_GetITStatus
    usart_init.o(i.USART2_IRQHandler) refers to stm32f10x_usart.o(i.USART_ReceiveData) for USART_ReceiveData
    usart_init.o(i.USART2_IRQHandler) refers to mcu_api.o(i.uart_receive_input) for uart_receive_input
    usart_init.o(i.USART2_get_ok) refers (Special) to use_no_semi_2.o(.text) for __use_no_semihosting
    usart_init.o(i.USART2_get_ok) refers to usart_init.o(.data) for USART2_RX_ok
    usart_init.o(i.USART2_init) refers (Special) to use_no_semi_2.o(.text) for __use_no_semihosting
    usart_init.o(i.USART2_init) refers to stm32f10x_rcc.o(i.RCC_APB2PeriphClockCmd) for RCC_APB2PeriphClockCmd
    usart_init.o(i.USART2_init) refers to stm32f10x_rcc.o(i.RCC_APB1PeriphClockCmd) for RCC_APB1PeriphClockCmd
    usart_init.o(i.USART2_init) refers to stm32f10x_gpio.o(i.GPIO_Init) for GPIO_Init
[...]
    defsig_general.o(.text) refers to sys_wrch.o(.text) for _ttywrch
    sys_wrch.o(.text) refers (Special) to use_no_semi.o(.text) for __I$use$semihosting
    sys_wrch.o(.text) refers (Special) to indicate_semi.o(.text) for __semihosting_library_function
    defsig.o(CL$$defsig) refers to defsig_rtmem_inner.o(.text) for __rt_SIGRTMEM_inner
    defsig_abrt_inner.o(.text) refers to defsig_general.o(.text) for __default_signal_display
    defsig_fpe_inner.o(.text) refers to defsig_general.o(.text) for __default_signal_display
    defsig_rtred_inner.o(.text) refers to defsig_general.o(.text) for __default_signal_display
    defsig_stak_inner.o(.text) refers to defsig_general.o(.text) for __default_signal_display
    defsig_pvfn_inner.o(.text) refers to defsig_general.o(.text) for __default_signal_display
    defsig_cppl_inner.o(.text) refers to defsig_general.o(.text) for __default_signal_display
    defsig_segv_inner.o(.text) refers to defsig_general.o(.text) for __default_signal_display
    defsig_other.o(.text) refers to defsig_general.o(.text) for __default_signal_display


==============================================================================

Removing Unused input sections from the image.

    Removing system_stm32f10x.o(i.SystemCoreClockUpdate), (164 bytes).
    Removing oled.o(i.OLED_DisPlay_Off), (28 bytes).
    Removing oled.o(i.OLED_DisPlay_On), (28 bytes).
    Removing oled.o(i.OLED_DrawCircle), (168 bytes).
    Removing oled.o(i.OLED_DrawLine), (172 bytes).
    Removing oled.o(i.OLED_ScrollDisplay), (172 bytes).
    Removing oled.o(i.OLED_ShowPicture), (214 bytes).
    Removing sys.o(.emb_text), (6 bytes).
    Removing sys.o(i.INTX_DISABLE), (4 bytes).
    Removing sys.o(i.INTX_ENABLE), (4 bytes).
    Removing sys.o(i.WFI_SET), (4 bytes).
    Removing core_cm3.o(.emb_text), (32 bytes).
    Removing misc.o(i.NVIC_SetVectorTable), (20 bytes).
    Removing misc.o(i.NVIC_SystemLPConfig), (32 bytes).
    Removing stm32f10x_gpio.o(i.GPIO_AFIODeInit), (20 bytes).
    Removing stm32f10x_gpio.o(i.GPIO_DeInit), (200 bytes).
    Removing stm32f10x_gpio.o(i.GPIO_ETH_MediaInterfaceConfig), (12 bytes).
    Removing stm32f10x_gpio.o(i.GPIO_EXTILineConfig), (64 bytes).
    Removing stm32f10x_gpio.o(i.GPIO_EventOutputCmd), (12 bytes).
    Removing stm32f10x_gpio.o(i.GPIO_EventOutputConfig), (32 bytes).
    Removing stm32f10x_gpio.o(i.GPIO_PinLockConfig), (18 bytes).
    Removing stm32f10x_gpio.o(i.GPIO_PinRemapConfig), (144 bytes).
    Removing stm32f10x_gpio.o(i.GPIO_ReadInputData), (8 bytes).
    Removing stm32f10x_gpio.o(i.GPIO_ReadOutputData), (8 bytes).
    Removing stm32f10x_gpio.o(i.GPIO_ReadOutputDataBit), (18 bytes).
    Removing stm32f10x_gpio.o(i.GPIO_StructInit), (16 bytes).
    Removing stm32f10x_gpio.o(i.GPIO_Write), (4 bytes).
    Removing stm32f10x_gpio.o(i.GPIO_WriteBit), (10 bytes).
    Removing stm32f10x_dbgmcu.o(i.DBGMCU_Config), (32 bytes).
    Removing stm32f10x_dbgmcu.o(i.DBGMCU_GetDEVID), (16 bytes).
    Removing stm32f10x_dbgmcu.o(i.DBGMCU_GetREVID), (12 bytes).
    Removing stm32f10x_rcc.o(i.RCC_ADCCLKConfig), (24 bytes).
    Removing stm32f10x_rcc.o(i.RCC_AHBPeriphClockCmd), (32 bytes).
    Removing stm32f10x_rcc.o(i.RCC_APB1PeriphResetCmd), (32 bytes).
    Removing stm32f10x_rcc.o(i.RCC_APB2PeriphResetCmd), (32 bytes).
    Removing stm32f10x_rcc.o(i.RCC_AdjustHSICalibrationValue), (24 bytes).
    Removing stm32f10x_rcc.o(i.RCC_BackupResetCmd), (12 bytes).
    Removing stm32f10x_rcc.o(i.RCC_ClearFlag), (20 bytes).
    Removing stm32f10x_rcc.o(i.RCC_ClearITPendingBit), (12 bytes).
    Removing stm32f10x_rcc.o(i.RCC_ClockSecuritySystemCmd), (12 bytes).
    Removing stm32f10x_rcc.o(i.RCC_DeInit), (76 bytes).
    Removing stm32f10x_rcc.o(i.RCC_GetFlagStatus), (60 bytes).
    Removing stm32f10x_rcc.o(i.RCC_GetITStatus), (24 bytes).
    Removing stm32f10x_rcc.o(i.RCC_GetSYSCLKSource), (16 bytes).
    Removing stm32f10x_rcc.o(i.RCC_HCLKConfig), (24 bytes).
    Removing stm32f10x_rcc.o(i.RCC_HSEConfig), (76 bytes).
    Removing stm32f10x_rcc.o(i.RCC_HSICmd), (12 bytes).
    Removing stm32f10x_rcc.o(i.RCC_ITConfig), (32 bytes).
    Removing stm32f10x_rcc.o(i.RCC_LSEConfig), (52 bytes).
    Removing stm32f10x_rcc.o(i.RCC_LSICmd), (12 bytes).
    Removing stm32f10x_rcc.o(i.RCC_MCOConfig), (12 bytes).
    Removing stm32f10x_rcc.o(i.RCC_PCLK1Config), (24 bytes).
    Removing stm32f10x_rcc.o(i.RCC_PCLK2Config), (24 bytes).
    Removing stm32f10x_rcc.o(i.RCC_PLLCmd), (12 bytes).
    Removing stm32f10x_rcc.o(i.RCC_PLLConfig), (28 bytes).
    Removing stm32f10x_rcc.o(i.RCC_RTCCLKCmd), (12 bytes).
    Removing stm32f10x_rcc.o(i.RCC_RTCCLKConfig), (16 bytes).
    Removing stm32f10x_rcc.o(i.RCC_SYSCLKConfig), (24 bytes).
    Removing stm32f10x_rcc.o(i.RCC_USBCLKConfig), (12 bytes).
    Removing stm32f10x_rcc.o(i.RCC_WaitForHSEStartUp), (56 bytes).
    Removing stm32f10x_usart.o(i.USART_ClearFlag), (18 bytes).
    Removing stm32f10x_usart.o(i.USART_ClearITPendingBit), (30 bytes).
    Removing stm32f10x_usart.o(i.USART_ClockInit), (34 bytes).
    Removing stm32f10x_usart.o(i.USART_ClockStructInit), (12 bytes).
    Removing stm32f10x_usart.o(i.USART_DMACmd), (18 bytes).
    Removing stm32f10x_usart.o(i.USART_DeInit), (156 bytes).
    Removing stm32f10x_usart.o(i.USART_HalfDuplexCmd), (24 bytes).
    Removing stm32f10x_usart.o(i.USART_IrDACmd), (24 bytes).
    Removing stm32f10x_usart.o(i.USART_IrDAConfig), (18 bytes).
    Removing stm32f10x_usart.o(i.USART_LINBreakDetectLengthConfig), (18 bytes).
    Removing stm32f10x_usart.o(i.USART_LINCmd), (24 bytes).
    Removing stm32f10x_usart.o(i.USART_OneBitMethodCmd), (24 bytes).
    Removing stm32f10x_usart.o(i.USART_OverSampling8Cmd), (22 bytes).
    Removing stm32f10x_usart.o(i.USART_ReceiverWakeUpCmd), (24 bytes).
    Removing stm32f10x_usart.o(i.USART_SendBreak), (10 bytes).
    Removing stm32f10x_usart.o(i.USART_SetAddress), (18 bytes).
    Removing stm32f10x_usart.o(i.USART_SetGuardTime), (16 bytes).
    Removing stm32f10x_usart.o(i.USART_SetPrescaler), (16 bytes).
    Removing stm32f10x_usart.o(i.USART_SmartCardCmd), (24 bytes).
    Removing stm32f10x_usart.o(i.USART_SmartCardNACKCmd), (24 bytes).
    Removing stm32f10x_usart.o(i.USART_StructInit), (24 bytes).
    Removing stm32f10x_usart.o(i.USART_WakeUpConfig), (18 bytes).
    Removing mcu_api.o(i.byte_to_int), (26 bytes).
    Removing mcu_api.o(i.hex_to_bcd), (108 bytes).
    Removing mcu_api.o(i.int_to_byte), (16 bytes).
    Removing mcu_api.o(i.mcu_dp_bool_update), (100 bytes).
    Removing mcu_api.o(i.mcu_dp_enum_update), (88 bytes).
    Removing mcu_api.o(i.mcu_dp_fault_update), (200 bytes).
    Removing mcu_api.o(i.mcu_dp_raw_update), (116 bytes).
    Removing mcu_api.o(i.mcu_dp_string_update), (116 bytes).
    Removing mcu_api.o(i.mcu_get_dp_download_bool), (6 bytes).
    Removing mcu_api.o(i.mcu_get_dp_download_enum), (6 bytes).
    Removing mcu_api.o(i.mcu_get_dp_download_value), (14 bytes).
    Removing mcu_api.o(i.mcu_get_reset_wifi_flag), (12 bytes).
    Removing mcu_api.o(i.mcu_get_wifimode_flag), (12 bytes).
    Removing mcu_api.o(i.mcu_reset_wifi), (24 bytes).
    Removing mcu_api.o(i.mcu_start_wifitest), (14 bytes).
    Removing mcu_api.o(i.my_memset), (34 bytes).
    Removing mcu_api.o(i.my_strcmp), (32 bytes).
    Removing mcu_api.o(i.my_strcpy), (34 bytes).
    Removing mcu_api.o(i.uart_receive_buff_input), (28 bytes).

101 unused section(s) (total 4060 bytes) removed from the image.

==============================================================================

Image Symbol Table

    Local Symbols

    Symbol Name                              Value     Ov Type        Size  Object(Section)

    ../clib/angel/boardlib.s                 0x00000000   Number         0  boardinit3.o ABSOLUTE
    ../clib/angel/boardlib.s                 0x00000000   Number         0  boardinit1.o ABSOLUTE
    ../clib/angel/boardlib.s                 0x00000000   Number         0  boardshut.o ABSOLUTE
    ../clib/angel/boardlib.s                 0x00000000   Number         0  boardinit2.o ABSOLUTE
    ../clib/angel/dczerorl2.s                0x00000000   Number         0  __dczerorl2.o ABSOLUTE
    ../clib/angel/handlers.s                 0x00000000   Number         0  __scatter_zi.o ABSOLUTE
    ../clib/angel/kernel.s                   0x00000000   Number         0  rtexit2.o ABSOLUTE
    ../clib/angel/kernel.s                   0x00000000   Number         0  rtexit.o ABSOLUTE
    ../clib/angel/kernel.s                   0x00000000   Number         0  __rtentry4.o ABSOLUTE
    ../clib/angel/kernel.s                   0x00000000   Number         0  __rtentry2.o ABSOLUTE
    ../clib/angel/kernel.s                   0x00000000   Number         0  __rtentry.o ABSOLUTE
    ../clib/angel/rt.s                       0x00000000   Number         0  rt_raise.o ABSOLUTE
    ../clib/angel/scatter.s                  0x00000000   Number         0  __scatter.o ABSOLUTE
    ../clib/angel/startup.s                  0x00000000   Number         0  __main.o ABSOLUTE
    ../clib/angel/sys.s                      0x00000000   Number         0  use_no_semi_2.o ABSOLUTE
    ../clib/angel/sys.s                      0x00000000   Number         0  libspace.o ABSOLUTE
    ../clib/angel/sys.s                      0x00000000   Number         0  indicate_semi.o ABSOLUTE
    ../clib/angel/sys.s                      0x00000000   Number         0  sys_stackheap_outer.o ABSOLUTE
    ../clib/angel/sys.s                      0x00000000   Number         0  use_no_semi.o ABSOLUTE
    ../clib/angel/sysapp.c                   0x00000000   Number         0  sys_wrch.o ABSOLUTE
    ../clib/angel/sysapp.c                   0x00000000   Number         0  sys_command.o ABSOLUTE
    ../clib/armsys.c                         0x00000000   Number         0  no_argv.o ABSOLUTE
    ../clib/armsys.c                         0x00000000   Number         0  _get_argv_nomalloc.o ABSOLUTE
    ../clib/armsys.c                         0x00000000   Number         0  argv_veneer.o ABSOLUTE
    ../clib/armsys.c                         0x00000000   Number         0  argv_veneer.o ABSOLUTE
    ../clib/heapalloc.c                      0x00000000   Number         0  hrguard.o ABSOLUTE
    ../clib/heapaux.c                        0x00000000   Number         0  heapauxi.o ABSOLUTE
    ../clib/libinit.s                        0x00000000   Number         0  libshutdown2.o ABSOLUTE
    ../clib/libinit.s                        0x00000000   Number         0  libinit2.o ABSOLUTE
    ../clib/libinit.s                        0x00000000   Number         0  libshutdown.o ABSOLUTE
    ../clib/libinit.s                        0x00000000   Number         0  libinit.o ABSOLUTE
    ../clib/printf.c                         0x00000000   Number         0  _printf_char_common.o ABSOLUTE
    ../clib/printf.c                         0x00000000   Number         0  _printf_char_file.o ABSOLUTE
    ../clib/printf.c                         0x00000000   Number         0  __printf_nopercent.o ABSOLUTE
    ../clib/printf.c                         0x00000000   Number         0  noretval__2printf.o ABSOLUTE
    ../clib/printf.c                         0x00000000   Number         0  __2printf.o ABSOLUTE
    ../clib/signal.c                         0x00000000   Number         0  defsig_rtmem_formal.o ABSOLUTE
    ../clib/signal.c                         0x00000000   Number         0  defsig_rtmem_outer.o ABSOLUTE
    ../clib/signal.c                         0x00000000   Number         0  __raise.o ABSOLUTE
    ../clib/signal.c                         0x00000000   Number         0  defsig_pvfn_inner.o ABSOLUTE
    ../clib/signal.c                         0x00000000   Number         0  defsig_other.o ABSOLUTE
    ../clib/signal.c                         0x00000000   Number         0  defsig_segv_inner.o ABSOLUTE
    ../clib/signal.c                         0x00000000   Number         0  defsig_cppl_inner.o ABSOLUTE
    ../clib/signal.c                         0x00000000   Number         0  defsig_stak_inner.o ABSOLUTE
    ../clib/signal.c                         0x00000000   Number         0  defsig_rtred_inner.o ABSOLUTE
    ../clib/signal.c                         0x00000000   Number         0  defsig_fpe_inner.o ABSOLUTE
    ../clib/signal.c                         0x00000000   Number         0  defsig_abrt_inner.o ABSOLUTE
    ../clib/signal.c                         0x00000000   Number         0  defsig_general.o ABSOLUTE
    ../clib/signal.c                         0x00000000   Number         0  defsig_rtmem_inner.o ABSOLUTE
    ../clib/signal.c                         0x00000000   Number         0  defsig_exit.o ABSOLUTE
    ../clib/signal.s                         0x00000000   Number         0  defsig.o ABSOLUTE
    ../clib/stdio.c                          0x00000000   Number         0  ferror_locked.o ABSOLUTE
    ../clib/stdio.c                          0x00000000   Number         0  ferror.o ABSOLUTE
    ../clib/stdlib.c                         0x00000000   Number         0  exit.o ABSOLUTE
    ../fplib/daddsub.s                       0x00000000   Number         0  daddsub_clz.o ABSOLUTE
    ../fplib/ddiv.s                          0x00000000   Number         0  ddiv.o ABSOLUTE
    ../fplib/dfix.s                          0x00000000   Number         0  dfix.o ABSOLUTE
    ../fplib/dfixu.s                         0x00000000   Number         0  dfixu.o ABSOLUTE
    ../fplib/dflt.s                          0x00000000   Number         0  dflt_clz.o ABSOLUTE
    ../fplib/dmul.s                          0x00000000   Number         0  dmul.o ABSOLUTE
    ../fplib/dnaninf.s                       0x00000000   Number         0  dnaninf.o ABSOLUTE
    ../fplib/dretinf.s                       0x00000000   Number         0  dretinf.o ABSOLUTE
    ../fplib/fpinit.s                        0x00000000   Number         0  fpinit.o ABSOLUTE
    ../fplib/usenofp.s                       0x00000000   Number         0  usenofp.o ABSOLUTE
    ..\CORE\core_cm3.c                       0x00000000   Number         0  core_cm3.o ABSOLUTE
    ..\CORE\startup_stm32f10x_hd.s           0x00000000   Number         0  startup_stm32f10x_hd.o ABSOLUTE
    ..\HARDWARE\IIC\myiic.c                  0x00000000   Number         0  myiic.o ABSOLUTE
    ..\HARDWARE\LED\led.c                    0x00000000   Number         0  led.o ABSOLUTE
    ..\HARDWARE\OLED\oled.c                  0x00000000   Number         0  oled.o ABSOLUTE
    ..\HARDWARE\SHT30\SHT30.c                0x00000000   Number         0  sht30.o ABSOLUTE
    ..\HARDWARE\usart_init\usart_init.c      0x00000000   Number         0  usart_init.o ABSOLUTE
    ..\STM32F10x_FWLib\src\misc.c            0x00000000   Number         0  misc.o ABSOLUTE
    ..\STM32F10x_FWLib\src\stm32f10x_dbgmcu.c 0x00000000   Number         0  stm32f10x_dbgmcu.o ABSOLUTE
    ..\STM32F10x_FWLib\src\stm32f10x_gpio.c  0x00000000   Number         0  stm32f10x_gpio.o ABSOLUTE
    ..\STM32F10x_FWLib\src\stm32f10x_rcc.c   0x00000000   Number         0  stm32f10x_rcc.o ABSOLUTE
    ..\STM32F10x_FWLib\src\stm32f10x_usart.c 0x00000000   Number         0  stm32f10x_usart.o ABSOLUTE
    ..\SYSTEM\delay\delay.c                  0x00000000   Number         0  delay.o ABSOLUTE
    ..\SYSTEM\sys\sys.c                      0x00000000   Number         0  sys.o ABSOLUTE
    ..\\CORE\\core_cm3.c                     0x00000000   Number         0  core_cm3.o ABSOLUTE
    ..\\SYSTEM\\sys\\sys.c                   0x00000000   Number         0  sys.o ABSOLUTE
    ..\tuya\mcu_api.c                        0x00000000   Number         0  mcu_api.o ABSOLUTE
    ..\tuya\protocol.c                       0x00000000   Number         0  protocol.o ABSOLUTE
    ..\tuya\system.c                         0x00000000   Number         0  system.o ABSOLUTE
    dc.s                                     0x00000000   Number         0  dc.o ABSOLUTE
    main.c                                   0x00000000   Number         0  main.o ABSOLUTE
    stm32f10x_it.c                           0x00000000   Number         0  stm32f10x_it.o ABSOLUTE
    system_stm32f10x.c                       0x00000000   Number         0  system_stm32f10x.o ABSOLUTE
    RESET                                    0x08000000   Section      304  startup_stm32f10x_hd.o(RESET)
    !!!main                                  0x08000130   Section        8  __main.o(!!!main)
    !!!scatter                               0x08000138   Section       52  __scatter.o(!!!scatter)
    !!dczerorl2                              0x0800016c   Section       90  __dczerorl2.o(!!dczerorl2)
    !!handler_zi                             0x080001c8   Section       28  __scatter_zi.o(!!handler_zi)
    .ARM.Collect$$libinit$$00000000          0x080001e4   Section        2  libinit.o(.ARM.Collect$$libinit$$00000000)
    .ARM.Collect$$libinit$$00000002          0x080001e6   Section        0  libinit2.o(.ARM.Collect$$libinit$$00000002)
    .ARM.Collect$$libinit$$00000004          0x080001e6   Section        0  libinit2.o(.ARM.Collect$$libinit$$00000004)
    .ARM.Collect$$libinit$$0000000A          0x080001e6   Section        0  libinit2.o(.ARM.Collect$$libinit$$0000000A)
    .ARM.Collect$$libinit$$0000000C          0x080001e6   Section        0  libinit2.o(.ARM.Collect$$libinit$$0000000C)
    .ARM.Collect$$libinit$$0000000E          0x080001e6   Section        0  libinit2.o(.ARM.Collect$$libinit$$0000000E)
    .ARM.Collect$$libinit$$00000011          0x080001e6   Section        0  libinit2.o(.ARM.Collect$$libinit$$00000011)
    .ARM.Collect$$libinit$$00000013          0x080001e6   Section        0  libinit2.o(.ARM.Collect$$libinit$$00000013)
    .ARM.Collect$$libinit$$00000015          0x080001e6   Section        0  libinit2.o(.ARM.Collect$$libinit$$00000015)
    .ARM.Collect$$libinit$$00000017          0x080001e6   Section        0  libinit2.o(.ARM.Collect$$libinit$$00000017)
    .ARM.Collect$$libinit$$00000019          0x080001e6   Section        0  libinit2.o(.ARM.Collect$$libinit$$00000019)
    .ARM.Collect$$libinit$$0000001B          0x080001e6   Section        0  libinit2.o(.ARM.Collect$$libinit$$0000001B)
    .ARM.Collect$$libinit$$0000001D          0x080001e6   Section        0  libinit2.o(.ARM.Collect$$libinit$$0000001D)
    .ARM.Collect$$libinit$$0000001F          0x080001e6   Section        0  libinit2.o(.ARM.Collect$$libinit$$0000001F)
    .ARM.Collect$$libinit$$00000021          0x080001e6   Section        0  libinit2.o(.ARM.Collect$$libinit$$00000021)
    .ARM.Collect$$libinit$$00000023          0x080001e6   Section        0  libinit2.o(.ARM.Collect$$libinit$$00000023)
    .ARM.Collect$$libinit$$00000025          0x080001e6   Section        0  libinit2.o(.ARM.Collect$$libinit$$00000025)
    .ARM.Collect$$libinit$$0000002C          0x080001e6   Section        0  libinit2.o(.ARM.Collect$$libinit$$0000002C)
    .ARM.Collect$$libinit$$0000002E          0x080001e6   Section        0  libinit2.o(.ARM.Collect$$libinit$$0000002E)
    .ARM.Collect$$libinit$$00000030          0x080001e6   Section        0  libinit2.o(.ARM.Collect$$libinit$$00000030)
    .ARM.Collect$$libinit$$00000032          0x080001e6   Section        0  libinit2.o(.ARM.Collect$$libinit$$00000032)
    .ARM.Collect$$libinit$$00000033          0x080001e6   Section        2  libinit2.o(.ARM.Collect$$libinit$$00000033)
    .ARM.Collect$$libshutdown$$00000000      0x080001e8   Section        2  libshutdown.o(.ARM.Collect$$libshutdown$$00000000)
    .ARM.Collect$$libshutdown$$00000002      0x080001ea   Section        0  libshutdown2.o(.ARM.Collect$$libshutdown$$00000002)
    .ARM.Collect$$libshutdown$$00000004      0x080001ea   Section        0  libshutdown2.o(.ARM.Collect$$libshutdown$$00000004)
    .ARM.Collect$$libshutdown$$00000007      0x080001ea   Section        0  libshutdown2.o(.ARM.Collect$$libshutdown$$00000007)
    .ARM.Collect$$libshutdown$$0000000A      0x080001ea   Section        0  libshutdown2.o(.ARM.Collect$$libshutdown$$0000000A)
    .ARM.Collect$$libshutdown$$0000000C      0x080001ea   Section        0  libshutdown2.o(.ARM.Collect$$libshutdown$$0000000C)
    .ARM.Collect$$libshutdown$$0000000F      0x080001ea   Section        0  libshutdown2.o(.ARM.Collect$$libshutdown$$0000000F)
    .ARM.Collect$$libshutdown$$00000010      0x080001ea   Section        2  libshutdown2.o(.ARM.Collect$$libshutdown$$00000010)
    .ARM.Collect$$rtentry$$00000000          0x080001ec   Section        0  __rtentry.o(.ARM.Collect$$rtentry$$00000000)
    .ARM.Collect$$rtentry$$00000002          0x080001ec   Section        0  __rtentry2.o(.ARM.Collect$$rtentry$$00000002)
    .ARM.Collect$$rtentry$$00000004          0x080001ec   Section        6  __rtentry4.o(.ARM.Collect$$rtentry$$00000004)
    .ARM.Collect$$rtentry$$00000009          0x080001f2   Section        0  __rtentry2.o(.ARM.Collect$$rtentry$$00000009)
    .ARM.Collect$$rtentry$$0000000A          0x080001f2   Section        4  __rtentry2.o(.ARM.Collect$$rtentry$$0000000A)
    .ARM.Collect$$rtentry$$0000000C          0x080001f6   Section        0  __rtentry2.o(.ARM.Collect$$rtentry$$0000000C)
    .ARM.Collect$$rtentry$$0000000D          0x080001f6   Section        8  __rtentry2.o(.ARM.Collect$$rtentry$$0000000D)
    .ARM.Collect$$rtexit$$00000000           0x080001fe   Section        2  rtexit.o(.ARM.Collect$$rtexit$$00000000)
    .ARM.Collect$$rtexit$$00000002           0x08000200   Section        0  rtexit2.o(.ARM.Collect$$rtexit$$00000002)
    .ARM.Collect$$rtexit$$00000003           0x08000200   Section        4  rtexit2.o(.ARM.Collect$$rtexit$$00000003)
    .ARM.Collect$$rtexit$$00000004           0x08000204   Section        6  rtexit2.o(.ARM.Collect$$rtexit$$00000004)
    .text                                    0x0800020c   Section       64  startup_stm32f10x_hd.o(.text)
    .text                                    0x0800024c   Section        2  use_no_semi_2.o(.text)
    .text                                    0x08000250   Section        0  noretval__2printf.o(.text)
    .text                                    0x08000268   Section        0  heapauxi.o(.text)
    .text                                    0x0800026e   Section        2  use_no_semi.o(.text)
    .text                                    0x08000270   Section        0  _printf_char_file.o(.text)
    .text                                    0x08000294   Section        0  _printf_char_common.o(.text)
    _printf_input_char                       0x08000295   Thumb Code    10  _printf_char_common.o(.text)
    .text                                    0x080002c4   Section        0  ferror.o(.text)
    .text                                    0x080002cc   Section       74  sys_stackheap_outer.o(.text)
    .text                                    0x08000316   Section        0  __printf_nopercent.o(.text)
    .text                                    0x0800033e   Section        0  exit.o(.text)
    .text                                    0x08000350   Section        8  libspace.o(.text)
    i.BusFault_Handler                       0x08000358   Section        0  stm32f10x_it.o(i.BusFault_Handler)
    i.DebugMon_Handler                       0x0800035c   Section        0  stm32f10x_it.o(i.DebugMon_Handler)
    i.GPIO_Init                              0x0800035e   Section        0  stm32f10x_gpio.o(i.GPIO_Init)
    i.GPIO_ReadInputDataBit                  0x08000474   Section        0  stm32f10x_gpio.o(i.GPIO_ReadInputDataBit)
    i.GPIO_ResetBits                         0x08000486   Section        0  stm32f10x_gpio.o(i.GPIO_ResetBits)
    i.GPIO_SetBits                           0x0800048a   Section        0  stm32f10x_gpio.o(i.GPIO_SetBits)
    i.HardFault_Handler                      0x0800048e   Section        0  stm32f10x_it.o(i.HardFault_Handler)
    i.I2C_Start                              0x08000494   Section        0  oled.o(i.I2C_Start)
    i.I2C_Stop                               0x080004d0   Section        0  oled.o(i.I2C_Stop)
    i.I2C_WaitAck                            0x080004fc   Section        0  oled.o(i.I2C_WaitAck)
    i.IIC_Ack                                0x08000530   Section        0  myiic.o(i.IIC_Ack)
    i.IIC_Init                               0x08000568   Section        0  myiic.o(i.IIC_Init)
    i.IIC_NAck                               0x08000594   Section        0  myiic.o(i.IIC_NAck)
    i.IIC_Read_Byte                          0x080005cc   Section        0  myiic.o(i.IIC_Read_Byte)
    i.IIC_Send_Byte                          0x08000624   Section        0  myiic.o(i.IIC_Send_Byte)
    i.IIC_Start                              0x08000684   Section        0  myiic.o(i.IIC_Start)
    i.IIC_Stop                               0x080006bc   Section        0  myiic.o(i.IIC_Stop)
    i.IIC_Wait_Ack                           0x080006f0   Section        0  myiic.o(i.IIC_Wait_Ack)
    i.IIC_delay                              0x08000758   Section        0  oled.o(i.IIC_delay)
    i.KEY_SCAN                               0x08000768   Section        0  led.o(i.KEY_SCAN)
    i.LED_Flash_fast                         0x0800080c   Section        0  led.o(i.LED_Flash_fast)
    i.LED_Flash_low                          0x08000830   Section        0  led.o(i.LED_Flash_low)
    i.LED_Init                               0x08000858   Section        0  led.o(i.LED_Init)
    i.MemManage_Handler                      0x080008a4   Section        0  stm32f10x_it.o(i.MemManage_Handler)
    i.NMI_Handler                            0x080008a8   Section        0  stm32f10x_it.o(i.NMI_Handler)
    i.NVIC_Init                              0x080008ac   Section        0  misc.o(i.NVIC_Init)
    i.NVIC_PriorityGroupConfig               0x0800091c   Section        0  misc.o(i.NVIC_PriorityGroupConfig)
    i.OLED_Clear                             0x08000930   Section        0  oled.o(i.OLED_Clear)
    i.OLED_ColorTurn                         0x08000960   Section        0  oled.o(i.OLED_ColorTurn)
    i.OLED_DisplayTurn                       0x0800097c   Section        0  oled.o(i.OLED_DisplayTurn)
    i.OLED_DrawPoint                         0x080009a8   Section        0  oled.o(i.OLED_DrawPoint)
    i.OLED_Init                              0x08000a20   Section        0  oled.o(i.OLED_Init)
    i.OLED_Pow                               0x08000b60   Section        0  oled.o(i.OLED_Pow)
    i.OLED_Refresh                           0x08000b78   Section        0  oled.o(i.OLED_Refresh)
    i.OLED_ShowChar                          0x08000be0   Section        0  oled.o(i.OLED_ShowChar)
    i.OLED_ShowChinese                       0x08000d1c   Section        0  oled.o(i.OLED_ShowChinese)
    i.OLED_ShowNum                           0x08000e20   Section        0  oled.o(i.OLED_ShowNum)
    i.OLED_ShowString                        0x08000eac   Section        0  oled.o(i.OLED_ShowString)
    i.OLED_WR_Byte                           0x08000ef6   Section        0  oled.o(i.OLED_WR_Byte)
    i.PendSV_Handler                         0x08000f2e   Section        0  stm32f10x_it.o(i.PendSV_Handler)
    i.RCC_APB1PeriphClockCmd                 0x08000f30   Section        0  stm32f10x_rcc.o(i.RCC_APB1PeriphClockCmd)
    i.RCC_APB2PeriphClockCmd                 0x08000f50   Section        0  stm32f10x_rcc.o(i.RCC_APB2PeriphClockCmd)
    i.RCC_GetClocksFreq                      0x08000f70   Section        0  stm32f10x_rcc.o(i.RCC_GetClocksFreq)
    i.SDA_IN                                 0x08001044   Section        0  myiic.o(i.SDA_IN)
    i.SDA_OUT                                0x08001060   Section        0  myiic.o(i.SDA_OUT)
    i.SHT30_CMD                              0x0800108c   Section        0  sht30.o(i.SHT30_CMD)
    i.SHT30_Init                             0x080010be   Section        0  sht30.o(i.SHT30_Init)
    i.SHT30_Read_Humiture                    0x080010c8   Section        0  sht30.o(i.SHT30_Read_Humiture)
    i.SHT3X_CRC                              0x080011fc   Section        0  sht30.o(i.SHT3X_CRC)
    i.SVC_Handler                            0x08001236   Section        0  stm32f10x_it.o(i.SVC_Handler)
    i.Send_Byte                              0x08001238   Section        0  oled.o(i.Send_Byte)
    i.SetSysClock                            0x0800128c   Section        0  system_stm32f10x.o(i.SetSysClock)
    SetSysClock                              0x0800128d   Thumb Code     8  system_stm32f10x.o(i.SetSysClock)
    i.SetSysClockTo72                        0x08001294   Section        0  system_stm32f10x.o(i.SetSysClockTo72)
    SetSysClockTo72                          0x08001295   Thumb Code   214  system_stm32f10x.o(i.SetSysClockTo72)
    i.SysTick_CLKSourceConfig                0x08001374   Section        0  misc.o(i.SysTick_CLKSourceConfig)
    i.SysTick_Handler                        0x0800139c   Section        0  stm32f10x_it.o(i.SysTick_Handler)
    i.SystemInit                             0x080013a0   Section        0  system_stm32f10x.o(i.SystemInit)
    i.USART1_IRQHandler                      0x08001400   Section        0  usart_init.o(i.USART1_IRQHandler)
    i.USART1_get_ok                          0x08001478   Section        0  usart_init.o(i.USART1_get_ok)
    i.USART1_init                            0x08001494   Section        0  usart_init.o(i.USART1_init)
    i.USART2_IRQHandler                      0x08001544   Section        0  usart_init.o(i.USART2_IRQHandler)
    i.USART2_get_ok                          0x08001568   Section        0  usart_init.o(i.USART2_get_ok)
    i.USART2_init                            0x08001584   Section        0  usart_init.o(i.USART2_init)
    i.USART_Cmd                              0x08001634   Section        0  stm32f10x_usart.o(i.USART_Cmd)
    i.USART_GetFlagStatus                    0x0800164c   Section        0  stm32f10x_usart.o(i.USART_GetFlagStatus)
    i.USART_GetITStatus                      0x08001666   Section        0  stm32f10x_usart.o(i.USART_GetITStatus)
    i.USART_ITConfig                         0x080016ba   Section        0  stm32f10x_usart.o(i.USART_ITConfig)
    i.USART_Init                             0x08001704   Section        0  stm32f10x_usart.o(i.USART_Init)
    i.USART_ReceiveData                      0x080017dc   Section        0  stm32f10x_usart.o(i.USART_ReceiveData)
    i.USART_SendData                         0x080017e6   Section        0  stm32f10x_usart.o(i.USART_SendData)
    i.UsageFault_Handler                     0x080017ee   Section        0  stm32f10x_it.o(i.UsageFault_Handler)
    i._sys_exit                              0x080017f2   Section        0  usart_init.o(i._sys_exit)
    i.all_data_update                        0x080017f6   Section        0  protocol.o(i.all_data_update)
    i.data_handle                            0x080017f8   Section        0  system.o(i.data_handle)
    i.data_point_handle                      0x080018dc   Section        0  system.o(i.data_point_handle)
    data_point_handle                        0x080018dd   Thumb Code    70  system.o(i.data_point_handle)
    i.delay_init                             0x08001928   Section        0  delay.o(i.delay_init)
    i.delay_ms                               0x0800196c   Section        0  delay.o(i.delay_ms)
    i.delay_us                               0x080019b8   Section        0  delay.o(i.delay_us)
    i.dp_download_handle                     0x08001a04   Section        0  protocol.o(i.dp_download_handle)
    i.fputc                                  0x08001a10   Section        0  usart_init.o(i.fputc)
    i.get_check_sum                          0x08001a2c   Section        0  system.o(i.get_check_sum)
    i.get_dowmload_dpid_index                0x08001a48   Section        0  system.o(i.get_dowmload_dpid_index)
    get_dowmload_dpid_index                  0x08001a49   Thumb Code    40  system.o(i.get_dowmload_dpid_index)
    i.get_download_cmd_total                 0x08001a74   Section        0  protocol.o(i.get_download_cmd_total)
    i.get_mcu_wifi_mode                      0x08001a78   Section        0  system.o(i.get_mcu_wifi_mode)
    get_mcu_wifi_mode                        0x08001a79   Thumb Code    16  system.o(i.get_mcu_wifi_mode)
    i.heat_beat_check                        0x08001a88   Section        0  system.o(i.heat_beat_check)
    heat_beat_check                          0x08001a89   Thumb Code    50  system.o(i.heat_beat_check)
    i.main                                   0x08001ac0   Section        0  main.o(i.main)
    i.mcu_dp_value_update                    0x08001cec   Section        0  mcu_api.o(i.mcu_dp_value_update)
    i.mcu_get_wifi_work_state                0x08001d64   Section        0  mcu_api.o(i.mcu_get_wifi_work_state)
    i.mcu_set_wifi_mode                      0x08001d70   Section        0  mcu_api.o(i.mcu_set_wifi_mode)
    i.my_memcpy                              0x08001d98   Section        0  mcu_api.o(i.my_memcpy)
    i.my_strlen                              0x08001ddc   Section        0  mcu_api.o(i.my_strlen)
    i.product_info_update                    0x08001df8   Section        0  system.o(i.product_info_update)
    product_info_update                      0x08001df9   Thumb Code   164  system.o(i.product_info_update)
    i.set_wifi_uart_buffer                   0x08001ed8   Section        0  system.o(i.set_wifi_uart_buffer)
    i.set_wifi_uart_byte                     0x08001f00   Section        0  system.o(i.set_wifi_uart_byte)
    i.take_byte_rxbuff                       0x08001f10   Section        0  system.o(i.take_byte_rxbuff)
    i.uart_receive_input                     0x08001f4c   Section        0  mcu_api.o(i.uart_receive_input)
    i.uart_transmit_output                   0x08001fa4   Section        0  protocol.o(i.uart_transmit_output)
    i.wifi_protocol_init                     0x08001fc4   Section        0  mcu_api.o(i.wifi_protocol_init)
    i.wifi_test_result                       0x08001ff0   Section        0  protocol.o(i.wifi_test_result)
    i.wifi_uart_service                      0x08001ff8   Section        0  mcu_api.o(i.wifi_uart_service)
    i.wifi_uart_write_data                   0x080020f0   Section        0  system.o(i.wifi_uart_write_data)
    wifi_uart_write_data                     0x080020f1   Thumb Code    36  system.o(i.wifi_uart_write_data)
    i.wifi_uart_write_frame                  0x08002114   Section        0  system.o(i.wifi_uart_write_frame)
    i.with_data_rxbuff                       0x0800215c   Section        0  system.o(i.with_data_rxbuff)
    x$fpl$dadd                               0x08002178   Section      336  daddsub_clz.o(x$fpl$dadd)
    _dadd1                                   0x08002189   Thumb Code     0  daddsub_clz.o(x$fpl$dadd)
    x$fpl$ddiv                               0x080022c8   Section      688  ddiv.o(x$fpl$ddiv)
    ddiv_entry                               0x080022cf   Thumb Code     0  ddiv.o(x$fpl$ddiv)
    x$fpl$dfix                               0x08002578   Section       94  dfix.o(x$fpl$dfix)
    x$fpl$dfixu                              0x080025d8   Section       90  dfixu.o(x$fpl$dfixu)
    x$fpl$dflt                               0x08002632   Section       46  dflt_clz.o(x$fpl$dflt)
    x$fpl$dmul                               0x08002660   Section      340  dmul.o(x$fpl$dmul)
    x$fpl$dnaninf                            0x080027b4   Section      156  dnaninf.o(x$fpl$dnaninf)
    x$fpl$dretinf                            0x08002850   Section       12  dretinf.o(x$fpl$dretinf)
    x$fpl$dsub                               0x0800285c   Section      468  daddsub_clz.o(x$fpl$dsub)
    _dsub1                                   0x0800286d   Thumb Code     0  daddsub_clz.o(x$fpl$dsub)
    .constdata                               0x08002a30   Section     7696  oled.o(.constdata)
    x$fpl$usenofp                            0x08002a30   Section        0  usenofp.o(x$fpl$usenofp)
    .constdata                               0x08004840   Section        4  protocol.o(.constdata)
    .data                                    0x20000000   Section      526  main.o(.data)
    .data                                    0x20000210   Section       20  system_stm32f10x.o(.data)
    .data                                    0x20000224   Section       12  usart_init.o(.data)
    .data                                    0x20000230   Section        4  delay.o(.data)
    fac_us                                   0x20000230   Data           1  delay.o(.data)
    fac_ms                                   0x20000232   Data           2  delay.o(.data)
    .data                                    0x20000234   Section       20  stm32f10x_rcc.o(.data)
    APBAHBPrescTable                         0x20000234   Data          16  stm32f10x_rcc.o(.data)
    ADCPrescTable                            0x20000244   Data           4  stm32f10x_rcc.o(.data)
    .data                                    0x20000248   Section        2  mcu_api.o(.data)
    rx_in                                    0x20000248   Data           2  mcu_api.o(.data)
    .data                                    0x2000024c   Section       13  system.o(.data)
    mcu_reset_state                          0x20000258   Data           1  system.o(.data)
    .bss                                     0x2000025c   Section      512  usart_init.o(.bss)
    .bss                                     0x2000045c   Section      576  oled.o(.bss)
    .bss                                     0x2000069c   Section      109  system.o(.bss)
    .bss                                     0x2000070c   Section       96  libspace.o(.bss)
    HEAP                                     0x20000770   Section      512  startup_stm32f10x_hd.o(HEAP)
    Heap_Mem                                 0x20000770   Data         512  startup_stm32f10x_hd.o(HEAP)
    STACK                                    0x20000970   Section     1024  startup_stm32f10x_hd.o(STACK)
    Stack_Mem                                0x20000970   Data        1024  startup_stm32f10x_hd.o(STACK)
    __initial_sp                             0x20000d70   Data           0  startup_stm32f10x_hd.o(STACK)

    Global Symbols

    Symbol Name                              Value     Ov Type        Size  Object(Section)

    BuildAttributes$$THM_ISAv4$P$D$K$B$S$PE$A:L22UL41UL21$X:L11$S22US41US21$IEEE1$IW$USESV6$~STKCKD$USESV7$~SHL$OSPACE$ROPI$EBA8$UX$STANDARDLIB$REQ8$PRES8$EABIv2 0x00000000   Number         0  anon$$obj.o ABSOLUTE
    __ARM_use_no_argv                        0x00000000   Number         0  main.o ABSOLUTE
    __ARM_exceptions_init                     - Undefined Weak Reference
    __alloca_initialize                       - Undefined Weak Reference
    __arm_preinit_                            - Undefined Weak Reference
    __cpp_initialize__aeabi_                  - Undefined Weak Reference
    __cxa_finalize                            - Undefined Weak Reference
    __rt_locale                               - Undefined Weak Reference
    __sigvec_lookup                           - Undefined Weak Reference
    _atexit_init                              - Undefined Weak Reference
    _call_atexit_fns                          - Undefined Weak Reference
    _clock_init                               - Undefined Weak Reference
    _fp_trap_init                             - Undefined Weak Reference
    _fp_trap_shutdown                         - Undefined Weak Reference
    _get_lc_collate                           - Undefined Weak Reference
    _get_lc_ctype                             - Undefined Weak Reference
    _get_lc_monetary                          - Undefined Weak Reference
    _get_lc_numeric                           - Undefined Weak Reference
    _get_lc_time                              - Undefined Weak Reference
    _getenv_init                              - Undefined Weak Reference
    _handle_redirection                       - Undefined Weak Reference
    _init_alloc                               - Undefined Weak Reference
    _init_user_alloc                          - Undefined Weak Reference
    _initio                                   - Undefined Weak Reference
    _mutex_acquire                            - Undefined Weak Reference
    _mutex_release                            - Undefined Weak Reference
    _rand_init                                - Undefined Weak Reference
    _signal_finish                            - Undefined Weak Reference
    _signal_init                              - Undefined Weak Reference
    _terminate_alloc                          - Undefined Weak Reference
    _terminate_user_alloc                     - Undefined Weak Reference
    _terminateio                              - Undefined Weak Reference
    __Vectors_Size                           0x00000130   Number         0  startup_stm32f10x_hd.o ABSOLUTE
    __Vectors                                0x08000000   Data           4  startup_stm32f10x_hd.o(RESET)
    __Vectors_End                            0x08000130   Data           0  startup_stm32f10x_hd.o(RESET)
    __main                                   0x08000131   Thumb Code     8  __main.o(!!!main)
    __scatterload                            0x08000139   Thumb Code     0  __scatter.o(!!!scatter)
    __scatterload_rt2                        0x08000139   Thumb Code    44  __scatter.o(!!!scatter)
    __scatterload_rt2_thumb_only             0x08000139   Thumb Code     0  __scatter.o(!!!scatter)
    __scatterload_null                       0x08000147   Thumb Code     0  __scatter.o(!!!scatter)
    __decompress                             0x0800016d   Thumb Code    90  __dczerorl2.o(!!dczerorl2)
    __decompress1                            0x0800016d   Thumb Code     0  __dczerorl2.o(!!dczerorl2)
    __scatterload_zeroinit                   0x080001c9   Thumb Code    28  __scatter_zi.o(!!handler_zi)
    __rt_lib_init                            0x080001e5   Thumb Code     0  libinit.o(.ARM.Collect$$libinit$$00000000)
    __rt_lib_init_alloca_1                   0x080001e7   Thumb Code     0  libinit2.o(.ARM.Collect$$libinit$$0000002E)
    __rt_lib_init_argv_1                     0x080001e7   Thumb Code     0  libinit2.o(.ARM.Collect$$libinit$$0000002C)
    __rt_lib_init_atexit_1                   0x080001e7   Thumb Code     0  libinit2.o(.ARM.Collect$$libinit$$0000001B)
    __rt_lib_init_clock_1                    0x080001e7   Thumb Code     0  libinit2.o(.ARM.Collect$$libinit$$00000021)
    __rt_lib_init_cpp_1                      0x080001e7   Thumb Code     0  libinit2.o(.ARM.Collect$$libinit$$00000032)
    __rt_lib_init_exceptions_1               0x080001e7   Thumb Code     0  libinit2.o(.ARM.Collect$$libinit$$00000030)
    __rt_lib_init_fp_1                       0x080001e7   Thumb Code     0  libinit2.o(.ARM.Collect$$libinit$$00000002)
    __rt_lib_init_fp_trap_1                  0x080001e7   Thumb Code     0  libinit2.o(.ARM.Collect$$libinit$$0000001F)
    __rt_lib_init_getenv_1                   0x080001e7   Thumb Code     0  libinit2.o(.ARM.Collect$$libinit$$00000023)
    __rt_lib_init_heap_1                     0x080001e7   Thumb Code     0  libinit2.o(.ARM.Collect$$libinit$$0000000A)
    __rt_lib_init_lc_collate_1               0x080001e7   Thumb Code     0  libinit2.o(.ARM.Collect$$libinit$$00000011)
    __rt_lib_init_lc_ctype_1                 0x080001e7   Thumb Code     0  libinit2.o(.ARM.Collect$$libinit$$00000013)
    __rt_lib_init_lc_monetary_1              0x080001e7   Thumb Code     0  libinit2.o(.ARM.Collect$$libinit$$00000015)
    __rt_lib_init_lc_numeric_1               0x080001e7   Thumb Code     0  libinit2.o(.ARM.Collect$$libinit$$00000017)
    __rt_lib_init_lc_time_1                  0x080001e7   Thumb Code     0  libinit2.o(.ARM.Collect$$libinit$$00000019)
    __rt_lib_init_preinit_1                  0x080001e7   Thumb Code     0  libinit2.o(.ARM.Collect$$libinit$$00000004)
    __rt_lib_init_rand_1                     0x080001e7   Thumb Code     0  libinit2.o(.ARM.Collect$$libinit$$0000000E)
    __rt_lib_init_return                     0x080001e7   Thumb Code     0  libinit2.o(.ARM.Collect$$libinit$$00000033)
    __rt_lib_init_signal_1                   0x080001e7   Thumb Code     0  libinit2.o(.ARM.Collect$$libinit$$0000001D)
    __rt_lib_init_stdio_1                    0x080001e7   Thumb Code     0  libinit2.o(.ARM.Collect$$libinit$$00000025)
    __rt_lib_init_user_alloc_1               0x080001e7   Thumb Code     0  libinit2.o(.ARM.Collect$$libinit$$0000000C)
    __rt_lib_shutdown                        0x080001e9   Thumb Code     0  libshutdown.o(.ARM.Collect$$libshutdown$$00000000)
    __rt_lib_shutdown_cpp_1                  0x080001eb   Thumb Code     0  libshutdown2.o(.ARM.Collect$$libshutdown$$00000002)
    __rt_lib_shutdown_fp_trap_1              0x080001eb   Thumb Code     0  libshutdown2.o(.ARM.Collect$$libshutdown$$00000007)
    __rt_lib_shutdown_heap_1                 0x080001eb   Thumb Code     0  libshutdown2.o(.ARM.Collect$$libshutdown$$0000000F)
    __rt_lib_shutdown_return                 0x080001eb   Thumb Code     0  libshutdown2.o(.ARM.Collect$$libshutdown$$00000010)
    __rt_lib_shutdown_signal_1               0x080001eb   Thumb Code     0  libshutdown2.o(.ARM.Collect$$libshutdown$$0000000A)
    __rt_lib_shutdown_stdio_1                0x080001eb   Thumb Code     0  libshutdown2.o(.ARM.Collect$$libshutdown$$00000004)
    __rt_lib_shutdown_user_alloc_1           0x080001eb   Thumb Code     0  libshutdown2.o(.ARM.Collect$$libshutdown$$0000000C)
    __rt_entry                               0x080001ed   Thumb Code     0  __rtentry.o(.ARM.Collect$$rtentry$$00000000)
    __rt_entry_presh_1                       0x080001ed   Thumb Code     0  __rtentry2.o(.ARM.Collect$$rtentry$$00000002)
    __rt_entry_sh                            0x080001ed   Thumb Code     0  __rtentry4.o(.ARM.Collect$$rtentry$$00000004)
    __rt_entry_li                            0x080001f3   Thumb Code     0  __rtentry2.o(.ARM.Collect$$rtentry$$0000000A)
    __rt_entry_postsh_1                      0x080001f3   Thumb Code     0  __rtentry2.o(.ARM.Collect$$rtentry$$00000009)
    __rt_entry_main                          0x080001f7   Thumb Code     0  __rtentry2.o(.ARM.Collect$$rtentry$$0000000D)
    __rt_entry_postli_1                      0x080001f7   Thumb Code     0  __rtentry2.o(.ARM.Collect$$rtentry$$0000000C)
    __rt_exit                                0x080001ff   Thumb Code     0  rtexit.o(.ARM.Collect$$rtexit$$00000000)
    __rt_exit_ls                             0x08000201   Thumb Code     0  rtexit2.o(.ARM.Collect$$rtexit$$00000003)
    __rt_exit_prels_1                        0x08000201   Thumb Code     0  rtexit2.o(.ARM.Collect$$rtexit$$00000002)
    __rt_exit_exit                           0x08000205   Thumb Code     0  rtexit2.o(.ARM.Collect$$rtexit$$00000004)
    Reset_Handler                            0x0800020d   Thumb Code     8  startup_stm32f10x_hd.o(.text)
    ADC1_2_IRQHandler                        0x08000227   Thumb Code     0  startup_stm32f10x_hd.o(.text)
    ADC3_IRQHandler                          0x08000227   Thumb Code     0  startup_stm32f10x_hd.o(.text)
    CAN1_RX1_IRQHandler                      0x08000227   Thumb Code     0  startup_stm32f10x_hd.o(.text)
    CAN1_SCE_IRQHandler                      0x08000227   Thumb Code     0  startup_stm32f10x_hd.o(.text)
    DMA1_Channel1_IRQHandler                 0x08000227   Thumb Code     0  startup_stm32f10x_hd.o(.text)
    DMA1_Channel2_IRQHandler                 0x08000227   Thumb Code     0  startup_stm32f10x_hd.o(.text)
    DMA1_Channel3_IRQHandler                 0x08000227   Thumb Code     0  startup_stm32f10x_hd.o(.text)
    DMA1_Channel4_IRQHandler                 0x08000227   Thumb Code     0  startup_stm32f10x_hd.o(.text)
    DMA1_Channel5_IRQHandler                 0x08000227   Thumb Code     0  startup_stm32f10x_hd.o(.text)
    DMA1_Channel6_IRQHandler                 0x08000227   Thumb Code     0  startup_stm32f10x_hd.o(.text)
    DMA1_Channel7_IRQHandler                 0x08000227   Thumb Code     0  startup_stm32f10x_hd.o(.text)
    DMA2_Channel1_IRQHandler                 0x08000227   Thumb Code     0  startup_stm32f10x_hd.o(.text)
    DMA2_Channel2_IRQHandler                 0x08000227   Thumb Code     0  startup_stm32f10x_hd.o(.text)
    DMA2_Channel3_IRQHandler                 0x08000227   Thumb Code     0  startup_stm32f10x_hd.o(.text)
    DMA2_Channel4_5_IRQHandler               0x08000227   Thumb Code     0  startup_stm32f10x_hd.o(.text)
    EXTI0_IRQHandler                         0x08000227   Thumb Code     0  startup_stm32f10x_hd.o(.text)
    EXTI15_10_IRQHandler                     0x08000227   Thumb Code     0  startup_stm32f10x_hd.o(.text)
    EXTI1_IRQHandler                         0x08000227   Thumb Code     0  startup_stm32f10x_hd.o(.text)
    EXTI2_IRQHandler                         0x08000227   Thumb Code     0  startup_stm32f10x_hd.o(.text)
    EXTI3_IRQHandler                         0x08000227   Thumb Code     0  startup_stm32f10x_hd.o(.text)
    EXTI4_IRQHandler                         0x08000227   Thumb Code     0  startup_stm32f10x_hd.o(.text)
    EXTI9_5_IRQHandler                       0x08000227   Thumb Code     0  startup_stm32f10x_hd.o(.text)
    FLASH_IRQHandler                         0x08000227   Thumb Code     0  startup_stm32f10x_hd.o(.text)
    FSMC_IRQHandler                          0x08000227   Thumb Code     0  startup_stm32f10x_hd.o(.text)
    I2C1_ER_IRQHandler                       0x08000227   Thumb Code     0  startup_stm32f10x_hd.o(.text)
    I2C1_EV_IRQHandler                       0x08000227   Thumb Code     0  startup_stm32f10x_hd.o(.text)
    I2C2_ER_IRQHandler                       0x08000227   Thumb Code     0  startup_stm32f10x_hd.o(.text)
    I2C2_EV_IRQHandler                       0x08000227   Thumb Code     0  startup_stm32f10x_hd.o(.text)
    PVD_IRQHandler                           0x08000227   Thumb Code     0  startup_stm32f10x_hd.o(.text)
    RCC_IRQHandler                           0x08000227   Thumb Code     0  startup_stm32f10x_hd.o(.text)
    RTCAlarm_IRQHandler                      0x08000227   Thumb Code     0  startup_stm32f10x_hd.o(.text)
    RTC_IRQHandler                           0x08000227   Thumb Code     0  startup_stm32f10x_hd.o(.text)
    SDIO_IRQHandler                          0x08000227   Thumb Code     0  startup_stm32f10x_hd.o(.text)
    SPI1_IRQHandler                          0x08000227   Thumb Code     0  startup_stm32f10x_hd.o(.text)
    SPI2_IRQHandler                          0x08000227   Thumb Code     0  startup_stm32f10x_hd.o(.text)
    SPI3_IRQHandler                          0x08000227   Thumb Code     0  startup_stm32f10x_hd.o(.text)
    TAMPER_IRQHandler                        0x08000227   Thumb Code     0  startup_stm32f10x_hd.o(.text)
    TIM1_BRK_IRQHandler                      0x08000227   Thumb Code     0  startup_stm32f10x_hd.o(.text)
    TIM1_CC_IRQHandler                       0x08000227   Thumb Code     0  startup_stm32f10x_hd.o(.text)
    TIM1_TRG_COM_IRQHandler                  0x08000227   Thumb Code     0  startup_stm32f10x_hd.o(.text)
    TIM1_UP_IRQHandler                       0x08000227   Thumb Code     0  startup_stm32f10x_hd.o(.text)
    TIM2_IRQHandler                          0x08000227   Thumb Code     0  startup_stm32f10x_hd.o(.text)
    TIM3_IRQHandler                          0x08000227   Thumb Code     0  startup_stm32f10x_hd.o(.text)
    TIM4_IRQHandler                          0x08000227   Thumb Code     0  startup_stm32f10x_hd.o(.text)
    TIM5_IRQHandler                          0x08000227   Thumb Code     0  startup_stm32f10x_hd.o(.text)
    TIM6_IRQHandler                          0x08000227   Thumb Code     0  startup_stm32f10x_hd.o(.text)
    TIM7_IRQHandler                          0x08000227   Thumb Code     0  startup_stm32f10x_hd.o(.text)
    TIM8_BRK_IRQHandler                      0x08000227   Thumb Code     0  startup_stm32f10x_hd.o(.text)
    TIM8_CC_IRQHandler                       0x08000227   Thumb Code     0  startup_stm32f10x_hd.o(.text)
    TIM8_TRG_COM_IRQHandler                  0x08000227   Thumb Code     0  startup_stm32f10x_hd.o(.text)
    TIM8_UP_IRQHandler                       0x08000227   Thumb Code     0  startup_stm32f10x_hd.o(.text)
    UART4_IRQHandler                         0x08000227   Thumb Code     0  startup_stm32f10x_hd.o(.text)
    UART5_IRQHandler                         0x08000227   Thumb Code     0  startup_stm32f10x_hd.o(.text)
    USART3_IRQHandler                        0x08000227   Thumb Code     0  startup_stm32f10x_hd.o(.text)
    USBWakeUp_IRQHandler                     0x08000227   Thumb Code     0  startup_stm32f10x_hd.o(.text)
    USB_HP_CAN1_TX_IRQHandler                0x08000227   Thumb Code     0  startup_stm32f10x_hd.o(.text)
    USB_LP_CAN1_RX0_IRQHandler               0x08000227   Thumb Code     0  startup_stm32f10x_hd.o(.text)
    WWDG_IRQHandler                          0x08000227   Thumb Code     0  startup_stm32f10x_hd.o(.text)
    __user_initial_stackheap                 0x08000229   Thumb Code     0  startup_stm32f10x_hd.o(.text)
    __use_no_semihosting                     0x0800024d   Thumb Code     2  use_no_semi_2.o(.text)
    __2printf                                0x08000251   Thumb Code    20  noretval__2printf.o(.text)
    __use_two_region_memory                  0x08000269   Thumb Code     2  heapauxi.o(.text)
    __rt_heap_escrow$2region                 0x0800026b   Thumb Code     2  heapauxi.o(.text)
    __rt_heap_expand$2region                 0x0800026d   Thumb Code     2  heapauxi.o(.text)
    __I$use$semihosting                      0x0800026f   Thumb Code     0  use_no_semi.o(.text)
    __use_no_semihosting_swi                 0x0800026f   Thumb Code     2  use_no_semi.o(.text)
    _printf_char_file                        0x08000271   Thumb Code    32  _printf_char_file.o(.text)
    _printf_char_common                      0x0800029f   Thumb Code    32  _printf_char_common.o(.text)
    ferror                                   0x080002c5   Thumb Code     8  ferror.o(.text)
    __user_setup_stackheap                   0x080002cd   Thumb Code    74  sys_stackheap_outer.o(.text)
    __printf                                 0x08000317   Thumb Code    40  __printf_nopercent.o(.text)
    exit                                     0x0800033f   Thumb Code    18  exit.o(.text)
    __user_libspace                          0x08000351   Thumb Code     8  libspace.o(.text)
    __user_perproc_libspace                  0x08000351   Thumb Code     0  libspace.o(.text)
    __user_perthread_libspace                0x08000351   Thumb Code     0  libspace.o(.text)
    BusFault_Handler                         0x08000359   Thumb Code     4  stm32f10x_it.o(i.BusFault_Handler)
    DebugMon_Handler                         0x0800035d   Thumb Code     2  stm32f10x_it.o(i.DebugMon_Handler)
    GPIO_Init                                0x0800035f   Thumb Code   278  stm32f10x_gpio.o(i.GPIO_Init)
    GPIO_ReadInputDataBit                    0x08000475   Thumb Code    18  stm32f10x_gpio.o(i.GPIO_ReadInputDataBit)
    GPIO_ResetBits                           0x08000487   Thumb Code     4  stm32f10x_gpio.o(i.GPIO_ResetBits)
    GPIO_SetBits                             0x0800048b   Thumb Code     4  stm32f10x_gpio.o(i.GPIO_SetBits)
    HardFault_Handler                        0x0800048f   Thumb Code     4  stm32f10x_it.o(i.HardFault_Handler)
    I2C_Start                                0x08000495   Thumb Code    56  oled.o(i.I2C_Start)
    I2C_Stop                                 0x080004d1   Thumb Code    38  oled.o(i.I2C_Stop)
    I2C_WaitAck                              0x080004fd   Thumb Code    46  oled.o(i.I2C_WaitAck)
    IIC_Ack                                  0x08000531   Thumb Code    48  myiic.o(i.IIC_Ack)
    IIC_Init                                 0x08000569   Thumb Code    38  myiic.o(i.IIC_Init)
    IIC_NAck                                 0x08000595   Thumb Code    48  myiic.o(i.IIC_NAck)
    IIC_Read_Byte                            0x080005cd   Thumb Code    80  myiic.o(i.IIC_Read_Byte)
    IIC_Send_Byte                            0x08000625   Thumb Code    86  myiic.o(i.IIC_Send_Byte)
    IIC_Start                                0x08000685   Thumb Code    46  myiic.o(i.IIC_Start)
    IIC_Stop                                 0x080006bd   Thumb Code    44  myiic.o(i.IIC_Stop)
    IIC_Wait_Ack                             0x080006f1   Thumb Code    78  myiic.o(i.IIC_Wait_Ack)
    IIC_delay                                0x08000759   Thumb Code    16  oled.o(i.IIC_delay)
    KEY_SCAN                                 0x08000769   Thumb Code   160  led.o(i.KEY_SCAN)
    LED_Flash_fast                           0x0800080d   Thumb Code    32  led.o(i.LED_Flash_fast)
    LED_Flash_low                            0x08000831   Thumb Code    36  led.o(i.LED_Flash_low)
    LED_Init                                 0x08000859   Thumb Code    66  led.o(i.LED_Init)
    MemManage_Handler                        0x080008a5   Thumb Code     4  stm32f10x_it.o(i.MemManage_Handler)
    NMI_Handler                              0x080008a9   Thumb Code     2  stm32f10x_it.o(i.NMI_Handler)
    NVIC_Init                                0x080008ad   Thumb Code   100  misc.o(i.NVIC_Init)
    NVIC_PriorityGroupConfig                 0x0800091d   Thumb Code    10  misc.o(i.NVIC_PriorityGroupConfig)
    OLED_Clear                               0x08000931   Thumb Code    42  oled.o(i.OLED_Clear)
    OLED_ColorTurn                           0x08000961   Thumb Code    28  oled.o(i.OLED_ColorTurn)
    OLED_DisplayTurn                         0x0800097d   Thumb Code    44  oled.o(i.OLED_DisplayTurn)
    OLED_DrawPoint                           0x080009a9   Thumb Code   114  oled.o(i.OLED_DrawPoint)
    OLED_Init                                0x08000a21   Thumb Code   310  oled.o(i.OLED_Init)
    OLED_Pow                                 0x08000b61   Thumb Code    22  oled.o(i.OLED_Pow)
    OLED_Refresh                             0x08000b79   Thumb Code   100  oled.o(i.OLED_Refresh)
    OLED_ShowChar                            0x08000be1   Thumb Code   300  oled.o(i.OLED_ShowChar)
    OLED_ShowChinese                         0x08000d1d   Thumb Code   244  oled.o(i.OLED_ShowChinese)
    OLED_ShowNum                             0x08000e21   Thumb Code   140  oled.o(i.OLED_ShowNum)
    OLED_ShowString                          0x08000ead   Thumb Code    74  oled.o(i.OLED_ShowString)
    OLED_WR_Byte                             0x08000ef7   Thumb Code    56  oled.o(i.OLED_WR_Byte)
    PendSV_Handler                           0x08000f2f   Thumb Code     2  stm32f10x_it.o(i.PendSV_Handler)
    RCC_APB1PeriphClockCmd                   0x08000f31   Thumb Code    26  stm32f10x_rcc.o(i.RCC_APB1PeriphClockCmd)
    RCC_APB2PeriphClockCmd                   0x08000f51   Thumb Code    26  stm32f10x_rcc.o(i.RCC_APB2PeriphClockCmd)
    RCC_GetClocksFreq                        0x08000f71   Thumb Code   192  stm32f10x_rcc.o(i.RCC_GetClocksFreq)
    SDA_IN                                   0x08001045   Thumb Code    24  myiic.o(i.SDA_IN)
    SDA_OUT                                  0x08001061   Thumb Code    36  myiic.o(i.SDA_OUT)
    SHT30_CMD                                0x0800108d   Thumb Code    50  sht30.o(i.SHT30_CMD)
    SHT30_Init                               0x080010bf   Thumb Code     8  sht30.o(i.SHT30_Init)
    SHT30_Read_Humiture                      0x080010c9   Thumb Code   284  sht30.o(i.SHT30_Read_Humiture)
    SHT3X_CRC                                0x080011fd   Thumb Code    58  sht30.o(i.SHT3X_CRC)
    SVC_Handler                              0x08001237   Thumb Code     2  stm32f10x_it.o(i.SVC_Handler)
    Send_Byte                                0x08001239   Thumb Code    78  oled.o(i.Send_Byte)
    SysTick_CLKSourceConfig                  0x08001375   Thumb Code    40  misc.o(i.SysTick_CLKSourceConfig)
    SysTick_Handler                          0x0800139d   Thumb Code     2  stm32f10x_it.o(i.SysTick_Handler)
    SystemInit                               0x080013a1   Thumb Code    78  system_stm32f10x.o(i.SystemInit)
    USART1_IRQHandler                        0x08001401   Thumb Code    98  usart_init.o(i.USART1_IRQHandler)
    USART1_get_ok                            0x08001479   Thumb Code    16  usart_init.o(i.USART1_get_ok)
    USART1_init                              0x08001495   Thumb Code   168  usart_init.o(i.USART1_init)
    USART2_IRQHandler                        0x08001545   Thumb Code    30  usart_init.o(i.USART2_IRQHandler)
    USART2_get_ok                            0x08001569   Thumb Code    16  usart_init.o(i.USART2_get_ok)
    USART2_init                              0x08001585   Thumb Code   168  usart_init.o(i.USART2_init)
    USART_Cmd                                0x08001635   Thumb Code    24  stm32f10x_usart.o(i.USART_Cmd)
    USART_GetFlagStatus                      0x0800164d   Thumb Code    26  stm32f10x_usart.o(i.USART_GetFlagStatus)
    USART_GetITStatus                        0x08001667   Thumb Code    84  stm32f10x_usart.o(i.USART_GetITStatus)
    USART_ITConfig                           0x080016bb   Thumb Code    74  stm32f10x_usart.o(i.USART_ITConfig)
    USART_Init                               0x08001705   Thumb Code   210  stm32f10x_usart.o(i.USART_Init)
    USART_ReceiveData                        0x080017dd   Thumb Code    10  stm32f10x_usart.o(i.USART_ReceiveData)
    USART_SendData                           0x080017e7   Thumb Code     8  stm32f10x_usart.o(i.USART_SendData)
    UsageFault_Handler                       0x080017ef   Thumb Code     4  stm32f10x_it.o(i.UsageFault_Handler)
    _sys_exit                                0x080017f3   Thumb Code     4  usart_init.o(i._sys_exit)
    all_data_update                          0x080017f7   Thumb Code     2  protocol.o(i.all_data_update)
    data_handle                              0x080017f9   Thumb Code   210  system.o(i.data_handle)
    delay_init                               0x08001929   Thumb Code    50  delay.o(i.delay_init)
    delay_ms                                 0x0800196d   Thumb Code    72  delay.o(i.delay_ms)
    delay_us                                 0x080019b9   Thumb Code    72  delay.o(i.delay_us)
    dp_download_handle                       0x08001a05   Thumb Code    10  protocol.o(i.dp_download_handle)
    fputc                                    0x08001a11   Thumb Code    24  usart_init.o(i.fputc)
    get_check_sum                            0x08001a2d   Thumb Code    28  system.o(i.get_check_sum)
    get_download_cmd_total                   0x08001a75   Thumb Code     4  protocol.o(i.get_download_cmd_total)
    main                                     0x08001ac1   Thumb Code   518  main.o(i.main)
    mcu_dp_value_update                      0x08001ced   Thumb Code   116  mcu_api.o(i.mcu_dp_value_update)
    mcu_get_wifi_work_state                  0x08001d65   Thumb Code     6  mcu_api.o(i.mcu_get_wifi_work_state)
    mcu_set_wifi_mode                        0x08001d71   Thumb Code    34  mcu_api.o(i.mcu_set_wifi_mode)
    my_memcpy                                0x08001d99   Thumb Code    68  mcu_api.o(i.my_memcpy)
    my_strlen                                0x08001ddd   Thumb Code    28  mcu_api.o(i.my_strlen)
    set_wifi_uart_buffer                     0x08001ed9   Thumb Code    34  system.o(i.set_wifi_uart_buffer)
    set_wifi_uart_byte                       0x08001f01   Thumb Code    12  system.o(i.set_wifi_uart_byte)
    take_byte_rxbuff                         0x08001f11   Thumb Code    46  system.o(i.take_byte_rxbuff)
    uart_receive_input                       0x08001f4d   Thumb Code    74  mcu_api.o(i.uart_receive_input)
    uart_transmit_output                     0x08001fa5   Thumb Code    28  protocol.o(i.uart_transmit_output)
    wifi_protocol_init                       0x08001fc5   Thumb Code    24  mcu_api.o(i.wifi_protocol_init)
    wifi_test_result                         0x08001ff1   Thumb Code     8  protocol.o(i.wifi_test_result)
    wifi_uart_service                        0x08001ff9   Thumb Code   238  mcu_api.o(i.wifi_uart_service)
    wifi_uart_write_frame                    0x08002115   Thumb Code    68  system.o(i.wifi_uart_write_frame)
    with_data_rxbuff                         0x0800215d   Thumb Code    20  system.o(i.with_data_rxbuff)
    __aeabi_dadd                             0x08002179   Thumb Code     0  daddsub_clz.o(x$fpl$dadd)
    _dadd                                    0x08002179   Thumb Code   332  daddsub_clz.o(x$fpl$dadd)
    __aeabi_ddiv                             0x080022c9   Thumb Code     0  ddiv.o(x$fpl$ddiv)
    _ddiv                                    0x080022c9   Thumb Code   552  ddiv.o(x$fpl$ddiv)
    __aeabi_d2iz                             0x08002579   Thumb Code     0  dfix.o(x$fpl$dfix)
    _dfix                                    0x08002579   Thumb Code    94  dfix.o(x$fpl$dfix)
    __aeabi_d2uiz                            0x080025d9   Thumb Code     0  dfixu.o(x$fpl$dfixu)
    _dfixu                                   0x080025d9   Thumb Code    90  dfixu.o(x$fpl$dfixu)
    __aeabi_i2d                              0x08002633   Thumb Code     0  dflt_clz.o(x$fpl$dflt)
    _dflt                                    0x08002633   Thumb Code    46  dflt_clz.o(x$fpl$dflt)
    __aeabi_dmul                             0x08002661   Thumb Code     0  dmul.o(x$fpl$dmul)
    _dmul                                    0x08002661   Thumb Code   332  dmul.o(x$fpl$dmul)
    __fpl_dnaninf                            0x080027b5   Thumb Code   156  dnaninf.o(x$fpl$dnaninf)
    __fpl_dretinf                            0x08002851   Thumb Code    12  dretinf.o(x$fpl$dretinf)
    __aeabi_dsub                             0x0800285d   Thumb Code     0  daddsub_clz.o(x$fpl$dsub)
    _dsub                                    0x0800285d   Thumb Code   464  daddsub_clz.o(x$fpl$dsub)
    __I$use$fp                               0x08002a30   Number         0  usenofp.o(x$fpl$usenofp)
    asc2_0806                                0x08002a30   Data         552  oled.o(.constdata)
    asc2_1206                                0x08002c58   Data        1140  oled.o(.constdata)
    asc2_1608                                0x080030cc   Data        1520  oled.o(.constdata)
    asc2_2412                                0x080036bc   Data        3420  oled.o(.constdata)
    Hzk1                                     0x08004418   Data         352  oled.o(.constdata)
    Hzk2                                     0x08004578   Data          72  oled.o(.constdata)
    Hzk3                                     0x080045c0   Data         128  oled.o(.constdata)
    Hzk4                                     0x08004640   Data         512  oled.o(.constdata)
    download_cmd                             0x08004840   Data           4  protocol.o(.constdata)
    Region$$Table$$Base                      0x08004844   Number         0  anon$$obj.o(Region$$Table)
    Region$$Table$$Limit                     0x08004864   Number         0  anon$$obj.o(Region$$Table)
    BMP1                                     0x20000000   Data         512  main.o(.data)
    t                                        0x20000200   Data           1  main.o(.data)
    a                                        0x20000204   Data           4  main.o(.data)
    temp                                     0x20000208   Data           4  main.o(.data)
    humi                                     0x2000020c   Data           2  main.o(.data)
    SystemCoreClock                          0x20000210   Data           4  system_stm32f10x.o(.data)
    AHBPrescTable                            0x20000214   Data          16  system_stm32f10x.o(.data)
    USART1_RX_ok                             0x20000224   Data           1  usart_init.o(.data)
    USART1_RX_r                              0x20000225   Data           1  usart_init.o(.data)
    USART1_RX_BUF_long                       0x20000226   Data           1  usart_init.o(.data)
    USART2_RX_ok                             0x20000227   Data           1  usart_init.o(.data)
    USART2_RX_r                              0x20000228   Data           1  usart_init.o(.data)
    USART2_RX_BUF_long                       0x20000229   Data           1  usart_init.o(.data)
    __stdout                                 0x2000022c   Data           4  usart_init.o(.data)
    rx_buf_in                                0x2000024c   Data           4  system.o(.data)
    rx_buf_out                               0x20000250   Data           4  system.o(.data)
    stop_update_flag                         0x20000254   Data           1  system.o(.data)
    reset_wifi_flag                          0x20000255   Data           1  system.o(.data)
    set_wifimode_flag                        0x20000256   Data           1  system.o(.data)
    wifi_work_state                          0x20000257   Data           1  system.o(.data)
    USART1_RX_BUF                            0x2000025c   Data         256  usart_init.o(.bss)
    USART2_RX_BUF                            0x2000035c   Data         256  usart_init.o(.bss)
    OLED_GRAM                                0x2000045c   Data         576  oled.o(.bss)
    wifi_data_process_buf                    0x2000069c   Data          31  system.o(.bss)
    wifi_uart_rx_buf                         0x200006bb   Data          23  system.o(.bss)
    wifi_uart_tx_buf                         0x200006d2   Data          55  system.o(.bss)
    __libspace_start                         0x2000070c   Data          96  libspace.o(.bss)
    __temporary_stack_top$libspace           0x2000076c   Data           0  libspace.o(.bss)



==============================================================================

Memory Map of the image

  Image Entry point : 0x0800020d

  Load Region LR_1 (Base: 0x08000000, Size: 0x00004ac0, Max: 0xffffffff, ABSOLUTE, COMPRESSED[0x00004978])

    Execution Region ER_RO (Base: 0x08000000, Size: 0x00004864, Max: 0xffffffff, ABSOLUTE)

    Base Addr    Size         Type   Attr      Idx    E Section Name        Object

    0x08000000   0x00000130   Data   RO          684    RESET               startup_stm32f10x_hd.o
    0x08000130   0x00000008   Code   RO         1560  * !!!main             c_w.l(__main.o)
    0x08000138   0x00000034   Code   RO         1758    !!!scatter          c_w.l(__scatter.o)
    0x0800016c   0x0000005a   Code   RO         1756    !!dczerorl2         c_w.l(__dczerorl2.o)
    0x080001c6   0x00000002   PAD
    0x080001c8   0x0000001c   Code   RO         1760    !!handler_zi        c_w.l(__scatter_zi.o)
    0x080001e4   0x00000002   Code   RO         1630    .ARM.Collect$$libinit$$00000000  c_w.l(libinit.o)
    0x080001e6   0x00000000   Code   RO         1637    .ARM.Collect$$libinit$$00000002  c_w.l(libinit2.o)
    0x080001e6   0x00000000   Code   RO         1639    .ARM.Collect$$libinit$$00000004  c_w.l(libinit2.o)
    0x080001e6   0x00000000   Code   RO         1642    .ARM.Collect$$libinit$$0000000A  c_w.l(libinit2.o)
    0x080001e6   0x00000000   Code   RO         1644    .ARM.Collect$$libinit$$0000000C  c_w.l(libinit2.o)
    0x080001e6   0x00000000   Code   RO         1646    .ARM.Collect$$libinit$$0000000E  c_w.l(libinit2.o)
    0x080001e6   0x00000000   Code   RO         1649    .ARM.Collect$$libinit$$00000011  c_w.l(libinit2.o)
    0x080001e6   0x00000000   Code   RO         1651    .ARM.Collect$$libinit$$00000013  c_w.l(libinit2.o)
    0x080001e6   0x00000000   Code   RO         1653    .ARM.Collect$$libinit$$00000015  c_w.l(libinit2.o)
    0x080001e6   0x00000000   Code   RO         1655    .ARM.Collect$$libinit$$00000017  c_w.l(libinit2.o)
    0x080001e6   0x00000000   Code   RO         1657    .ARM.Collect$$libinit$$00000019  c_w.l(libinit2.o)
    0x080001e6   0x00000000   Code   RO         1659    .ARM.Collect$$libinit$$0000001B  c_w.l(libinit2.o)
    0x080001e6   0x00000000   Code   RO         1661    .ARM.Collect$$libinit$$0000001D  c_w.l(libinit2.o)
    0x080001e6   0x00000000   Code   RO         1663    .ARM.Collect$$libinit$$0000001F  c_w.l(libinit2.o)
    0x080001e6   0x00000000   Code   RO         1665    .ARM.Collect$$libinit$$00000021  c_w.l(libinit2.o)
    0x080001e6   0x00000000   Code   RO         1667    .ARM.Collect$$libinit$$00000023  c_w.l(libinit2.o)
    0x080001e6   0x00000000   Code   RO         1669    .ARM.Collect$$libinit$$00000025  c_w.l(libinit2.o)
    0x080001e6   0x00000000   Code   RO         1673    .ARM.Collect$$libinit$$0000002C  c_w.l(libinit2.o)
    0x080001e6   0x00000000   Code   RO         1675    .ARM.Collect$$libinit$$0000002E  c_w.l(libinit2.o)
    0x080001e6   0x00000000   Code   RO         1677    .ARM.Collect$$libinit$$00000030  c_w.l(libinit2.o)
    0x080001e6   0x00000000   Code   RO         1679    .ARM.Collect$$libinit$$00000032  c_w.l(libinit2.o)
    0x080001e6   0x00000002   Code   RO         1680    .ARM.Collect$$libinit$$00000033  c_w.l(libinit2.o)
    0x080001e8   0x00000002   Code   RO         1698    .ARM.Collect$$libshutdown$$00000000  c_w.l(libshutdown.o)
    0x080001ea   0x00000000   Code   RO         1708    .ARM.Collect$$libshutdown$$00000002  c_w.l(libshutdown2.o)
    0x080001ea   0x00000000   Code   RO         1710    .ARM.Collect$$libshutdown$$00000004  c_w.l(libshutdown2.o)
    0x080001ea   0x00000000   Code   RO         1713    .ARM.Collect$$libshutdown$$00000007  c_w.l(libshutdown2.o)
    0x080001ea   0x00000000   Code   RO         1716    .ARM.Collect$$libshutdown$$0000000A  c_w.l(libshutdown2.o)
    0x080001ea   0x00000000   Code   RO         1718    .ARM.Collect$$libshutdown$$0000000C  c_w.l(libshutdown2.o)
    0x080001ea   0x00000000   Code   RO         1721    .ARM.Collect$$libshutdown$$0000000F  c_w.l(libshutdown2.o)
    0x080001ea   0x00000002   Code   RO         1722    .ARM.Collect$$libshutdown$$00000010  c_w.l(libshutdown2.o)
    0x080001ec   0x00000000   Code   RO         1590    .ARM.Collect$$rtentry$$00000000  c_w.l(__rtentry.o)
    0x080001ec   0x00000000   Code   RO         1599    .ARM.Collect$$rtentry$$00000002  c_w.l(__rtentry2.o)
    0x080001ec   0x00000006   Code   RO         1611    .ARM.Collect$$rtentry$$00000004  c_w.l(__rtentry4.o)
    0x080001f2   0x00000000   Code   RO         1601    .ARM.Collect$$rtentry$$00000009  c_w.l(__rtentry2.o)
    0x080001f2   0x00000004   Code   RO         1602    .ARM.Collect$$rtentry$$0000000A  c_w.l(__rtentry2.o)
    0x080001f6   0x00000000   Code   RO         1604    .ARM.Collect$$rtentry$$0000000C  c_w.l(__rtentry2.o)
    0x080001f6   0x00000008   Code   RO         1605    .ARM.Collect$$rtentry$$0000000D  c_w.l(__rtentry2.o)
    0x080001fe   0x00000002   Code   RO         1634    .ARM.Collect$$rtexit$$00000000  c_w.l(rtexit.o)
    0x08000200   0x00000000   Code   RO         1682    .ARM.Collect$$rtexit$$00000002  c_w.l(rtexit2.o)
    0x08000200   0x00000004   Code   RO         1683    .ARM.Collect$$rtexit$$00000003  c_w.l(rtexit2.o)
    0x08000204   0x00000006   Code   RO         1684    .ARM.Collect$$rtexit$$00000004  c_w.l(rtexit2.o)
    0x0800020a   0x00000002   PAD
    0x0800020c   0x00000040   Code   RO          685  * .text               startup_stm32f10x_hd.o
    0x0800024c   0x00000002   Code   RO         1552    .text               c_w.l(use_no_semi_2.o)
    0x0800024e   0x00000002   PAD
    0x08000250   0x00000018   Code   RO         1556    .text               c_w.l(noretval__2printf.o)
    0x08000268   0x00000006   Code   RO         1558    .text               c_w.l(heapauxi.o)
    0x0800026e   0x00000002   Code   RO         1588    .text               c_w.l(use_no_semi.o)
    0x08000270   0x00000024   Code   RO         1591    .text               c_w.l(_printf_char_file.o)
    0x08000294   0x00000030   Code   RO         1613    .text               c_w.l(_printf_char_common.o)
    0x080002c4   0x00000008   Code   RO         1615    .text               c_w.l(ferror.o)
    0x080002cc   0x0000004a   Code   RO         1619    .text               c_w.l(sys_stackheap_outer.o)
    0x08000316   0x00000028   Code   RO         1621    .text               c_w.l(__printf_nopercent.o)
    0x0800033e   0x00000012   Code   RO         1623    .text               c_w.l(exit.o)
    0x08000350   0x00000008   Code   RO         1631    .text               c_w.l(libspace.o)
    0x08000358   0x00000004   Code   RO          152    i.BusFault_Handler  stm32f10x_it.o
    0x0800035c   0x00000002   Code   RO          153    i.DebugMon_Handler  stm32f10x_it.o
    0x0800035e   0x00000116   Code   RO          731    i.GPIO_Init         stm32f10x_gpio.o
    0x08000474   0x00000012   Code   RO          735    i.GPIO_ReadInputDataBit  stm32f10x_gpio.o
    0x08000486   0x00000004   Code   RO          738    i.GPIO_ResetBits    stm32f10x_gpio.o
    0x0800048a   0x00000004   Code   RO          739    i.GPIO_SetBits      stm32f10x_gpio.o
    0x0800048e   0x00000004   Code   RO          154    i.HardFault_Handler  stm32f10x_it.o
    0x08000492   0x00000002   PAD
    0x08000494   0x0000003c   Code   RO          436    i.I2C_Start         oled.o
    0x080004d0   0x0000002c   Code   RO          437    i.I2C_Stop          oled.o
    0x080004fc   0x00000034   Code   RO          438    i.I2C_WaitAck       oled.o
    0x08000530   0x00000038   Code   RO          370    i.IIC_Ack           myiic.o
    0x08000568   0x0000002c   Code   RO          371    i.IIC_Init          myiic.o
    0x08000594   0x00000038   Code   RO          372    i.IIC_NAck          myiic.o
    0x080005cc   0x00000058   Code   RO          373    i.IIC_Read_Byte     myiic.o
    0x08000624   0x00000060   Code   RO          374    i.IIC_Send_Byte     myiic.o
    0x08000684   0x00000038   Code   RO          375    i.IIC_Start         myiic.o
    0x080006bc   0x00000034   Code   RO          376    i.IIC_Stop          myiic.o
    0x080006f0   0x00000068   Code   RO          377    i.IIC_Wait_Ack      myiic.o
    0x08000758   0x00000010   Code   RO          439    i.IIC_delay         oled.o
    0x08000768   0x000000a4   Code   RO          340    i.KEY_SCAN          led.o
    0x0800080c   0x00000024   Code   RO          341    i.LED_Flash_fast    led.o
    0x08000830   0x00000028   Code   RO          342    i.LED_Flash_low     led.o
    0x08000858   0x0000004c   Code   RO          343    i.LED_Init          led.o
    0x080008a4   0x00000004   Code   RO          155    i.MemManage_Handler  stm32f10x_it.o
    0x080008a8   0x00000002   Code   RO          156    i.NMI_Handler       stm32f10x_it.o
    0x080008aa   0x00000002   PAD
    0x080008ac   0x00000070   Code   RO          689    i.NVIC_Init         misc.o
    0x0800091c   0x00000014   Code   RO          690    i.NVIC_PriorityGroupConfig  misc.o
    0x08000930   0x00000030   Code   RO          440    i.OLED_Clear        oled.o
    0x08000960   0x0000001c   Code   RO          441    i.OLED_ColorTurn    oled.o
    0x0800097c   0x0000002c   Code   RO          444    i.OLED_DisplayTurn  oled.o
    0x080009a8   0x00000078   Code   RO          447    i.OLED_DrawPoint    oled.o
    0x08000a20   0x00000140   Code   RO          448    i.OLED_Init         oled.o
    0x08000b60   0x00000016   Code   RO          449    i.OLED_Pow          oled.o
    0x08000b76   0x00000002   PAD
    0x08000b78   0x00000068   Code   RO          450    i.OLED_Refresh      oled.o
    0x08000be0   0x0000013c   Code   RO          452    i.OLED_ShowChar     oled.o
    0x08000d1c   0x00000104   Code   RO          453    i.OLED_ShowChinese  oled.o
    0x08000e20   0x0000008c   Code   RO          454    i.OLED_ShowNum      oled.o
    0x08000eac   0x0000004a   Code   RO          456    i.OLED_ShowString   oled.o
    0x08000ef6   0x00000038   Code   RO          457    i.OLED_WR_Byte      oled.o
    0x08000f2e   0x00000002   Code   RO          157    i.PendSV_Handler    stm32f10x_it.o
    0x08000f30   0x00000020   Code   RO          865    i.RCC_APB1PeriphClockCmd  stm32f10x_rcc.o
    0x08000f50   0x00000020   Code   RO          867    i.RCC_APB2PeriphClockCmd  stm32f10x_rcc.o
    0x08000f70   0x000000d4   Code   RO          875    i.RCC_GetClocksFreq  stm32f10x_rcc.o
    0x08001044   0x0000001c   Code   RO          378    i.SDA_IN            myiic.o
    0x08001060   0x0000002c   Code   RO          379    i.SDA_OUT           myiic.o
    0x0800108c   0x00000032   Code   RO          587    i.SHT30_CMD         sht30.o
    0x080010be   0x00000008   Code   RO          588    i.SHT30_Init        sht30.o
    0x080010c6   0x00000002   PAD
    0x080010c8   0x00000134   Code   RO          589    i.SHT30_Read_Humiture  sht30.o
    0x080011fc   0x0000003a   Code   RO          590    i.SHT3X_CRC         sht30.o
    0x08001236   0x00000002   Code   RO          158    i.SVC_Handler       stm32f10x_it.o
    0x08001238   0x00000054   Code   RO          458    i.Send_Byte         oled.o
    0x0800128c   0x00000008   Code   RO          241    i.SetSysClock       system_stm32f10x.o
    0x08001294   0x000000e0   Code   RO          242    i.SetSysClockTo72   system_stm32f10x.o
    0x08001374   0x00000028   Code   RO          693    i.SysTick_CLKSourceConfig  misc.o
    0x0800139c   0x00000002   Code   RO          159    i.SysTick_Handler   stm32f10x_it.o
    0x0800139e   0x00000002   PAD
    0x080013a0   0x00000060   Code   RO          244    i.SystemInit        system_stm32f10x.o
    0x08001400   0x00000078   Code   RO          275    i.USART1_IRQHandler  usart_init.o
    0x08001478   0x0000001c   Code   RO          276    i.USART1_get_ok     usart_init.o
    0x08001494   0x000000b0   Code   RO          277    i.USART1_init       usart_init.o
    0x08001544   0x00000024   Code   RO          278    i.USART2_IRQHandler  usart_init.o
    0x08001568   0x0000001c   Code   RO          279    i.USART2_get_ok     usart_init.o
    0x08001584   0x000000b0   Code   RO          280    i.USART2_init       usart_init.o
    0x08001634   0x00000018   Code   RO         1067    i.USART_Cmd         stm32f10x_usart.o
    0x0800164c   0x0000001a   Code   RO         1070    i.USART_GetFlagStatus  stm32f10x_usart.o
    0x08001666   0x00000054   Code   RO         1071    i.USART_GetITStatus  stm32f10x_usart.o
    0x080016ba   0x0000004a   Code   RO         1073    i.USART_ITConfig    stm32f10x_usart.o
    0x08001704   0x000000d8   Code   RO         1074    i.USART_Init        stm32f10x_usart.o
    0x080017dc   0x0000000a   Code   RO         1081    i.USART_ReceiveData  stm32f10x_usart.o
    0x080017e6   0x00000008   Code   RO         1084    i.USART_SendData    stm32f10x_usart.o
    0x080017ee   0x00000004   Code   RO          160    i.UsageFault_Handler  stm32f10x_it.o
    0x080017f2   0x00000004   Code   RO          281    i._sys_exit         usart_init.o
    0x080017f6   0x00000002   Code   RO         1425    i.all_data_update   protocol.o
    0x080017f8   0x000000e4   Code   RO         1464    i.data_handle       system.o
    0x080018dc   0x0000004c   Code   RO         1465    i.data_point_handle  system.o
    0x08001928   0x00000044   Code   RO          617    i.delay_init        delay.o
    0x0800196c   0x0000004c   Code   RO          618    i.delay_ms          delay.o
    0x080019b8   0x0000004c   Code   RO          619    i.delay_us          delay.o
    0x08001a04   0x0000000a   Code   RO         1426    i.dp_download_handle  protocol.o
    0x08001a0e   0x00000002   PAD
    0x08001a10   0x0000001c   Code   RO          282    i.fputc             usart_init.o
    0x08001a2c   0x0000001c   Code   RO         1466    i.get_check_sum     system.o
    0x08001a48   0x0000002c   Code   RO         1467    i.get_dowmload_dpid_index  system.o
    0x08001a74   0x00000004   Code   RO         1427    i.get_download_cmd_total  protocol.o
    0x08001a78   0x00000010   Code   RO         1468    i.get_mcu_wifi_mode  system.o
    0x08001a88   0x00000038   Code   RO         1469    i.heat_beat_check   system.o
    0x08001ac0   0x0000022c   Code   RO            1    i.main              main.o
    0x08001cec   0x00000078   Code   RO         1251    i.mcu_dp_value_update  mcu_api.o
    0x08001d64   0x0000000c   Code   RO         1256    i.mcu_get_wifi_work_state  mcu_api.o
    0x08001d70   0x00000028   Code   RO         1259    i.mcu_set_wifi_mode  mcu_api.o
    0x08001d98   0x00000044   Code   RO         1261    i.my_memcpy         mcu_api.o
    0x08001ddc   0x0000001c   Code   RO         1265    i.my_strlen         mcu_api.o
    0x08001df8   0x000000e0   Code   RO         1470    i.product_info_update  system.o
    0x08001ed8   0x00000028   Code   RO         1471    i.set_wifi_uart_buffer  system.o
    0x08001f00   0x00000010   Code   RO         1472    i.set_wifi_uart_byte  system.o
    0x08001f10   0x0000003c   Code   RO         1473    i.take_byte_rxbuff  system.o
    0x08001f4c   0x00000058   Code   RO         1267    i.uart_receive_input  mcu_api.o
    0x08001fa4   0x00000020   Code   RO         1428    i.uart_transmit_output  protocol.o
    0x08001fc4   0x0000002c   Code   RO         1268    i.wifi_protocol_init  mcu_api.o
    0x08001ff0   0x00000008   Code   RO         1429    i.wifi_test_result  protocol.o
    0x08001ff8   0x000000f8   Code   RO         1269    i.wifi_uart_service  mcu_api.o
    0x080020f0   0x00000024   Code   RO         1474    i.wifi_uart_write_data  system.o
    0x08002114   0x00000048   Code   RO         1475    i.wifi_uart_write_frame  system.o
    0x0800215c   0x0000001c   Code   RO         1476    i.with_data_rxbuff  system.o
    0x08002178   0x00000150   Code   RO         1562    x$fpl$dadd          fz_ws.l(daddsub_clz.o)
    0x080022c8   0x000002b0   Code   RO         1569    x$fpl$ddiv          fz_ws.l(ddiv.o)
    0x08002578   0x0000005e   Code   RO         1572    x$fpl$dfix          fz_ws.l(dfix.o)
    0x080025d6   0x00000002   PAD
    0x080025d8   0x0000005a   Code   RO         1576    x$fpl$dfixu         fz_ws.l(dfixu.o)
    0x08002632   0x0000002e   Code   RO         1581    x$fpl$dflt          fz_ws.l(dflt_clz.o)
    0x08002660   0x00000154   Code   RO         1586    x$fpl$dmul          fz_ws.l(dmul.o)
    0x080027b4   0x0000009c   Code   RO         1593    x$fpl$dnaninf       fz_ws.l(dnaninf.o)
    0x08002850   0x0000000c   Code   RO         1595    x$fpl$dretinf       fz_ws.l(dretinf.o)
    0x0800285c   0x000001d4   Code   RO         1564    x$fpl$dsub          fz_ws.l(daddsub_clz.o)
    0x08002a30   0x00000000   Code   RO         1597    x$fpl$usenofp       fz_ws.l(usenofp.o)
    0x08002a30   0x00001e10   Data   RO          460    .constdata          oled.o
    0x08004840   0x00000004   Data   RO         1430    .constdata          protocol.o
    0x08004844   0x00000020   Data   RO         1754    Region$$Table       anon$$obj.o


    Execution Region ER_RW (Base: 0x20000000, Size: 0x0000025c, Max: 0xffffffff, ABSOLUTE, COMPRESSED[0x00000114])

    Base Addr    Size         Type   Attr      Idx    E Section Name        Object

    0x20000000   0x0000020e   Data   RW            2    .data               main.o
    0x2000020e   0x00000002   PAD
    0x20000210   0x00000014   Data   RW          245    .data               system_stm32f10x.o
    0x20000224   0x0000000c   Data   RW          284    .data               usart_init.o
    0x20000230   0x00000004   Data   RW          620    .data               delay.o
    0x20000234   0x00000014   Data   RW          895    .data               stm32f10x_rcc.o
    0x20000248   0x00000002   Data   RW         1270    .data               mcu_api.o
    0x2000024a   0x00000002   PAD
    0x2000024c   0x0000000d   Data   RW         1478    .data               system.o


    Execution Region ER_ZI (Base: 0x2000025c, Size: 0x00000b14, Max: 0xffffffff, ABSOLUTE)

    Base Addr    Size         Type   Attr      Idx    E Section Name        Object

    0x2000025c   0x00000200   Zero   RW          283    .bss                usart_init.o
    0x2000045c   0x00000240   Zero   RW          459    .bss                oled.o
    0x2000069c   0x0000006d   Zero   RW         1477    .bss                system.o
    0x20000709   0x00000003   PAD
    0x2000070c   0x00000060   Zero   RW         1632    .bss                c_w.l(libspace.o)
    0x2000076c   0x00000004   PAD
    0x20000770   0x00000200   Zero   RW          683    HEAP                startup_stm32f10x_hd.o
    0x20000970   0x00000400   Zero   RW          682    STACK               startup_stm32f10x_hd.o


==============================================================================

Image component sizes


      Code (inc. data)   RO Data    RW Data    ZI Data      Debug   Object Name

       220         26          0          4          0       1607   delay.o
       316         22          0          0          0       1895   led.o
       556         38          0        526          0     234768   main.o
       648         60          0          2          0       4650   mcu_api.o
       172         22          0          0          0       1937   misc.o
       624         96          0          0          0       4881   myiic.o
      1788         80       7696          0        576      11552   oled.o
        56          4          4          0          0       2969   protocol.o
       424         24          0          0          0       2807   sht30.o
        64         26        304          0       1536        772   startup_stm32f10x_hd.o
       304          0          0          0          0       3508   stm32f10x_gpio.o
        26          0          0          0          0       3434   stm32f10x_it.o
       276         32          0         20          0       4290   stm32f10x_rcc.o
       442          6          0          0          0       5925   stm32f10x_usart.o
         0          0          0          0          0         32   sys.o
       924        146          0         13        109       9342   system.o
       328         28          0         20          0       1937   system_stm32f10x.o
       596         72          0         12        512       6366   usart_init.o

    ----------------------------------------------------------------------
      7776        682       8036        604       2736     302672   Object Totals
         0          0         32          0          0          0   (incl. Generated)
        12          0          0          7          3          0   (incl. Padding)

    ----------------------------------------------------------------------

      Code (inc. data)   RO Data    RW Data    ZI Data      Debug   Library Member Name

        90          0          0          0          0          0   __dczerorl2.o
         8          0          0          0          0         68   __main.o
        40          0          0          0          0         84   __printf_nopercent.o
         0          0          0          0          0          0   __rtentry.o
        12          0          0          0          0          0   __rtentry2.o
         6          0          0          0          0          0   __rtentry4.o
        52          8          0          0          0          0   __scatter.o
        28          0          0          0          0          0   __scatter_zi.o
        48          6          0          0          0         96   _printf_char_common.o
        36          4          0          0          0         80   _printf_char_file.o
        18          0          0          0          0         80   exit.o
         8          0          0          0          0         68   ferror.o
         6          0          0          0          0        152   heapauxi.o
         2          0          0          0          0          0   libinit.o
         2          0          0          0          0          0   libinit2.o
         2          0          0          0          0          0   libshutdown.o
         2          0          0          0          0          0   libshutdown2.o
         8          4          0          0         96         68   libspace.o
        24          4          0          0          0         84   noretval__2printf.o
         2          0          0          0          0          0   rtexit.o
        10          0          0          0          0          0   rtexit2.o
        74          0          0          0          0         80   sys_stackheap_outer.o
         2          0          0          0          0         68   use_no_semi.o
         2          0          0          0          0         68   use_no_semi_2.o
       804         16          0          0          0        272   daddsub_clz.o
       688        140          0          0          0        208   ddiv.o
        94          4          0          0          0         92   dfix.o
        90          4          0          0          0         92   dfixu.o
        46          0          0          0          0         68   dflt_clz.o
       340         12          0          0          0        104   dmul.o
       156          4          0          0          0         92   dnaninf.o
        12          0          0          0          0         68   dretinf.o
         0          0          0          0          0          0   usenofp.o

    ----------------------------------------------------------------------
      2720        206          0          0        100       1992   Library Totals
         8          0          0          0          4          0   (incl. Padding)

    ----------------------------------------------------------------------

      Code (inc. data)   RO Data    RW Data    ZI Data      Debug   Library Name

       482         26          0          0         96        996   c_w.l
      2230        180          0          0          0        996   fz_ws.l

    ----------------------------------------------------------------------
      2720        206          0          0        100       1992   Library Totals

    ----------------------------------------------------------------------

==============================================================================


      Code (inc. data)   RO Data    RW Data    ZI Data      Debug   

     10496        888       8036        604       2836     298732   Grand Totals
     10496        888       8036        276       2836     298732   ELF Image Totals (compressed)
     10496        888       8036        276          0          0   ROM Totals

==============================================================================

    Total RO  Size (Code + RO Data)                18532 (  18.10kB)
    Total RW  Size (RW Data + ZI Data)              3440 (   3.36kB)
    Total ROM Size (Code + RO Data + RW Data)      18808 (  18.37kB)

==============================================================================

